Command line
python /Users/abdiwadud/miniconda3/envs/chemprop/lib/python3.8/site-packages/ipykernel_launcher.py --f=/Users/abdiwadud/Library/Jupyter/runtime/kernel-v3382611ee2a0278ae1cde205ded1c688e27f1d962.json
Args
{'activation': 'ReLU',
 'adding_bond_types': True,
 'adding_h': False,
 'aggregation': 'mean',
 'aggregation_norm': 100,
 'atom_constraints': [],
 'atom_descriptor_scaling': True,
 'atom_descriptors': None,
 'atom_descriptors_path': None,
 'atom_descriptors_size': 0,
 'atom_features_size': 0,
 'atom_messages': False,
 'atom_targets': [],
 'batch_size': 50,
 'bias': False,
 'bias_solvent': False,
 'bond_constraints': [],
 'bond_descriptor_scaling': True,
 'bond_descriptors': None,
 'bond_descriptors_path': None,
 'bond_descriptors_size': 0,
 'bond_features_size': 0,
 'bond_targets': [],
 'cache_cutoff': 10000,
 'checkpoint_dir': None,
 'checkpoint_frzn': 'KSE_ML_model_files',
 'checkpoint_path': None,
 'checkpoint_paths': None,
 'class_balance': False,
 'config_path': None,
 'constraints_path': None,
 'crossval_index_dir': None,
 'crossval_index_file': None,
 'crossval_index_sets': None,
 'cuda': False,
 'data_path': 'RxnSolvKSE_dataset_v1.1/finetuning_set/chosen_data/finetuning_rxn_solvent_ddGsolv_ddHsolv_chosen.csv',
 'data_weights_path': None,
 'dataset_type': 'regression',
 'depth': 3,
 'depth_solvent': 3,
 'device': device(type='cpu'),
 'dropout': 0.0,
 'empty_cache': True,
 'ensemble_size': 1,
 'epochs': 10,
 'evidential_regularization': 0,
 'explicit_h': False,
 'extra_metrics': [],
 'features_generator': None,
 'features_only': False,
 'features_path': None,
 'features_scaling': True,
 'features_size': None,
 'ffn_hidden_size': 300,
 'ffn_num_layers': 2,
 'final_lr': 0.0001,
 'folds_file': None,
 'freeze_first_only': False,
 'frzn_ffn_layers': 0,
 'gpu': None,
 'grad_clip': None,
 'hidden_size': 300,
 'hidden_size_solvent': 300,
 'ignore_columns': None,
 'ignore_nan_metrics': False,
 'init_lr': 0.0001,
 'is_atom_bond_targets': False,
 'keeping_atom_map': False,
 'log_frequency': 10,
 'loss_function': 'mse',
 'max_data_size': None,
 'max_lr': 0.001,
 'metric': 'rmse',
 'metrics': ['rmse'],
 'minimize_score': True,
 'mpn_shared': False,
 'multiclass_num_classes': 3,
 'no_adding_bond_types': False,
 'no_atom_descriptor_scaling': False,
 'no_bond_descriptor_scaling': False,
 'no_cache_mol': False,
 'no_cuda': False,
 'no_features_scaling': False,
 'no_shared_atom_bond_ffn': False,
 'num_folds': 1,
 'num_lrs': 1,
 'num_tasks': 1,
 'num_workers': 0,
 'number_of_molecules': 2,
 'overwrite_default_atom_features': False,
 'overwrite_default_bond_features': False,
 'phase_features_path': None,
 'pytorch_seed': 0,
 'quantile_loss_alpha': 0.1,
 'quantiles': [],
 'quiet': False,
 'reaction': False,
 'reaction_mode': 'reac_prod',
 'reaction_solvent': True,
 'resume_experiment': False,
 'save_dir': 'refinetuned_models_2',
 'save_preds': False,
 'save_smiles_splits': False,
 'seed': 0,
 'separate_test_atom_descriptors_path': None,
 'separate_test_bond_descriptors_path': None,
 'separate_test_constraints_path': None,
 'separate_test_features_path': None,
 'separate_test_path': None,
 'separate_test_phase_features_path': None,
 'separate_val_atom_descriptors_path': None,
 'separate_val_bond_descriptors_path': None,
 'separate_val_constraints_path': None,
 'separate_val_features_path': None,
 'separate_val_path': None,
 'separate_val_phase_features_path': None,
 'shared_atom_bond_ffn': True,
 'show_individual_scores': False,
 'smiles_columns': ['rxn_smiles', 'solvent_smiles'],
 'spectra_activation': 'exp',
 'spectra_phase_mask_path': None,
 'spectra_target_floor': 1e-08,
 'split_key_molecule': 0,
 'split_sizes': [0.8, 0.1, 0.1],
 'split_type': 'random',
 'target_columns': ['ddGsolv'],
 'target_weights': None,
 'task_names': ['ddGsolv'],
 'test': False,
 'test_fold_index': None,
 'train_data_size': None,
 'undirected': False,
 'use_input_features': False,
 'val_fold_index': None,
 'warmup_epochs': 2.0,
 'weights_ffn_num_layers': 2}
Setting molecule featurization parameters to default.
Loading data
Number of tasks = 1
Fold 0
Splitting data with seed 0
Total size = 46,122 | train size = 36,897 | val size = 4,612 | test size = 4,613
Fitting scaler
Building model 0
Loading and freezing parameters from KSE_ML_model_files.
Command line
python /Users/abdiwadud/miniconda3/envs/chemprop/lib/python3.8/site-packages/ipykernel_launcher.py --f=/Users/abdiwadud/Library/Jupyter/runtime/kernel-v3382611ee2a0278ae1cde205ded1c688e27f1d962.json
Args
{'activation': 'ReLU',
 'adding_bond_types': True,
 'adding_h': False,
 'aggregation': 'mean',
 'aggregation_norm': 100,
 'atom_constraints': [],
 'atom_descriptor_scaling': True,
 'atom_descriptors': None,
 'atom_descriptors_path': None,
 'atom_descriptors_size': 0,
 'atom_features_size': 0,
 'atom_messages': False,
 'atom_targets': [],
 'batch_size': 50,
 'bias': False,
 'bias_solvent': False,
 'bond_constraints': [],
 'bond_descriptor_scaling': True,
 'bond_descriptors': None,
 'bond_descriptors_path': None,
 'bond_descriptors_size': 0,
 'bond_features_size': 0,
 'bond_targets': [],
 'cache_cutoff': 10000,
 'checkpoint_dir': None,
 'checkpoint_frzn': '/Users/abdiwadud/chemprop/ML_model_files/../ML_model_files',
 'checkpoint_path': None,
 'checkpoint_paths': None,
 'class_balance': False,
 'config_path': None,
 'constraints_path': None,
 'crossval_index_dir': None,
 'crossval_index_file': None,
 'crossval_index_sets': None,
 'cuda': False,
 'data_path': 'RxnSolvKSE_dataset_v1.1/finetuning_set/chosen_data/finetuning_rxn_solvent_ddGsolv_ddHsolv_chosen.csv',
 'data_weights_path': None,
 'dataset_type': 'regression',
 'depth': 3,
 'depth_solvent': 3,
 'device': device(type='cpu'),
 'dropout': 0.0,
 'empty_cache': True,
 'ensemble_size': 1,
 'epochs': 10,
 'evidential_regularization': 0,
 'explicit_h': False,
 'extra_metrics': [],
 'features_generator': None,
 'features_only': False,
 'features_path': None,
 'features_scaling': True,
 'features_size': None,
 'ffn_hidden_size': 300,
 'ffn_num_layers': 2,
 'final_lr': 0.0001,
 'folds_file': None,
 'freeze_first_only': False,
 'frzn_ffn_layers': 0,
 'gpu': None,
 'grad_clip': None,
 'hidden_size': 300,
 'hidden_size_solvent': 300,
 'ignore_columns': None,
 'ignore_nan_metrics': False,
 'init_lr': 0.0001,
 'is_atom_bond_targets': False,
 'keeping_atom_map': False,
 'log_frequency': 10,
 'loss_function': 'mse',
 'max_data_size': None,
 'max_lr': 0.001,
 'metric': 'rmse',
 'metrics': ['rmse'],
 'minimize_score': True,
 'mpn_shared': False,
 'multiclass_num_classes': 3,
 'no_adding_bond_types': False,
 'no_atom_descriptor_scaling': False,
 'no_bond_descriptor_scaling': False,
 'no_cache_mol': False,
 'no_cuda': False,
 'no_features_scaling': False,
 'no_shared_atom_bond_ffn': False,
 'num_folds': 1,
 'num_lrs': 1,
 'num_tasks': 1,
 'num_workers': 0,
 'number_of_molecules': 2,
 'overwrite_default_atom_features': False,
 'overwrite_default_bond_features': False,
 'phase_features_path': None,
 'pytorch_seed': 0,
 'quantile_loss_alpha': 0.1,
 'quantiles': [],
 'quiet': False,
 'reaction': False,
 'reaction_mode': 'reac_prod',
 'reaction_solvent': True,
 'resume_experiment': False,
 'save_dir': 'refinetuned_models_2',
 'save_preds': False,
 'save_smiles_splits': False,
 'seed': 0,
 'separate_test_atom_descriptors_path': None,
 'separate_test_bond_descriptors_path': None,
 'separate_test_constraints_path': None,
 'separate_test_features_path': None,
 'separate_test_path': None,
 'separate_test_phase_features_path': None,
 'separate_val_atom_descriptors_path': None,
 'separate_val_bond_descriptors_path': None,
 'separate_val_constraints_path': None,
 'separate_val_features_path': None,
 'separate_val_path': None,
 'separate_val_phase_features_path': None,
 'shared_atom_bond_ffn': True,
 'show_individual_scores': False,
 'smiles_columns': ['rxn_smiles', 'solvent_smiles'],
 'spectra_activation': 'exp',
 'spectra_phase_mask_path': None,
 'spectra_target_floor': 1e-08,
 'split_key_molecule': 0,
 'split_sizes': [0.8, 0.1, 0.1],
 'split_type': 'random',
 'target_columns': ['ddGsolv'],
 'target_weights': None,
 'task_names': ['ddGsolv'],
 'test': False,
 'test_fold_index': None,
 'train_data_size': None,
 'undirected': False,
 'use_input_features': False,
 'val_fold_index': None,
 'warmup_epochs': 2.0,
 'weights_ffn_num_layers': 2}
Setting molecule featurization parameters to default.
Loading data
Number of tasks = 1
Fold 0
Splitting data with seed 0
Total size = 46,122 | train size = 36,897 | val size = 4,612 | test size = 4,613
Fitting scaler
Building model 0
Loading and freezing parameters from /Users/abdiwadud/chemprop/ML_model_files/../ML_model_files.
Command line
python /Users/abdiwadud/miniconda3/envs/chemprop/lib/python3.8/site-packages/ipykernel_launcher.py --f=/Users/abdiwadud/Library/Jupyter/runtime/kernel-v3382611ee2a0278ae1cde205ded1c688e27f1d962.json
Args
{'activation': 'ReLU',
 'adding_bond_types': True,
 'adding_h': False,
 'aggregation': 'mean',
 'aggregation_norm': 100,
 'atom_constraints': [],
 'atom_descriptor_scaling': True,
 'atom_descriptors': None,
 'atom_descriptors_path': None,
 'atom_descriptors_size': 0,
 'atom_features_size': 0,
 'atom_messages': False,
 'atom_targets': [],
 'batch_size': 50,
 'bias': False,
 'bias_solvent': False,
 'bond_constraints': [],
 'bond_descriptor_scaling': True,
 'bond_descriptors': None,
 'bond_descriptors_path': None,
 'bond_descriptors_size': 0,
 'bond_features_size': 0,
 'bond_targets': [],
 'cache_cutoff': 10000,
 'checkpoint_dir': None,
 'checkpoint_frzn': 'KSE_ML_model_files/fold_0/model_0/model.pt',
 'checkpoint_path': None,
 'checkpoint_paths': None,
 'class_balance': False,
 'config_path': None,
 'constraints_path': None,
 'crossval_index_dir': None,
 'crossval_index_file': None,
 'crossval_index_sets': None,
 'cuda': False,
 'data_path': 'RxnSolvKSE_dataset_v1.1/finetuning_set/chosen_data/finetuning_rxn_solvent_ddGsolv_ddHsolv_chosen.csv',
 'data_weights_path': None,
 'dataset_type': 'regression',
 'depth': 3,
 'depth_solvent': 3,
 'device': device(type='cpu'),
 'dropout': 0.0,
 'empty_cache': True,
 'ensemble_size': 1,
 'epochs': 10,
 'evidential_regularization': 0,
 'explicit_h': False,
 'extra_metrics': [],
 'features_generator': None,
 'features_only': False,
 'features_path': None,
 'features_scaling': True,
 'features_size': None,
 'ffn_hidden_size': 300,
 'ffn_num_layers': 2,
 'final_lr': 0.0001,
 'folds_file': None,
 'freeze_first_only': False,
 'frzn_ffn_layers': 0,
 'gpu': None,
 'grad_clip': None,
 'hidden_size': 300,
 'hidden_size_solvent': 300,
 'ignore_columns': None,
 'ignore_nan_metrics': False,
 'init_lr': 0.0001,
 'is_atom_bond_targets': False,
 'keeping_atom_map': False,
 'log_frequency': 10,
 'loss_function': 'mse',
 'max_data_size': None,
 'max_lr': 0.001,
 'metric': 'rmse',
 'metrics': ['rmse'],
 'minimize_score': True,
 'mpn_shared': False,
 'multiclass_num_classes': 3,
 'no_adding_bond_types': False,
 'no_atom_descriptor_scaling': False,
 'no_bond_descriptor_scaling': False,
 'no_cache_mol': False,
 'no_cuda': False,
 'no_features_scaling': False,
 'no_shared_atom_bond_ffn': False,
 'num_folds': 1,
 'num_lrs': 1,
 'num_tasks': 1,
 'num_workers': 0,
 'number_of_molecules': 2,
 'overwrite_default_atom_features': False,
 'overwrite_default_bond_features': False,
 'phase_features_path': None,
 'pytorch_seed': 0,
 'quantile_loss_alpha': 0.1,
 'quantiles': [],
 'quiet': False,
 'reaction': False,
 'reaction_mode': 'reac_prod',
 'reaction_solvent': True,
 'resume_experiment': False,
 'save_dir': 'refinetuned_models_2',
 'save_preds': False,
 'save_smiles_splits': False,
 'seed': 0,
 'separate_test_atom_descriptors_path': None,
 'separate_test_bond_descriptors_path': None,
 'separate_test_constraints_path': None,
 'separate_test_features_path': None,
 'separate_test_path': None,
 'separate_test_phase_features_path': None,
 'separate_val_atom_descriptors_path': None,
 'separate_val_bond_descriptors_path': None,
 'separate_val_constraints_path': None,
 'separate_val_features_path': None,
 'separate_val_path': None,
 'separate_val_phase_features_path': None,
 'shared_atom_bond_ffn': True,
 'show_individual_scores': False,
 'smiles_columns': ['rxn_smiles', 'solvent_smiles'],
 'spectra_activation': 'exp',
 'spectra_phase_mask_path': None,
 'spectra_target_floor': 1e-08,
 'split_key_molecule': 0,
 'split_sizes': [0.8, 0.1, 0.1],
 'split_type': 'random',
 'target_columns': ['ddGsolv'],
 'target_weights': None,
 'task_names': ['ddGsolv'],
 'test': False,
 'test_fold_index': None,
 'train_data_size': None,
 'undirected': False,
 'use_input_features': False,
 'val_fold_index': None,
 'warmup_epochs': 2.0,
 'weights_ffn_num_layers': 2}
Setting molecule featurization parameters to default.
Loading data
Number of tasks = 1
Fold 0
Splitting data with seed 0
Total size = 46,122 | train size = 36,897 | val size = 4,612 | test size = 4,613
Fitting scaler
Building model 0
Loading and freezing parameters from KSE_ML_model_files/fold_0/model_0/model.pt.
Command line
python /Users/abdiwadud/miniconda3/envs/chemprop/lib/python3.8/site-packages/ipykernel_launcher.py --f=/Users/abdiwadud/Library/Jupyter/runtime/kernel-v3382611ee2a0278ae1cde205ded1c688e27f1d962.json
Args
{'activation': 'ReLU',
 'adding_bond_types': True,
 'adding_h': False,
 'aggregation': 'mean',
 'aggregation_norm': 100,
 'atom_constraints': [],
 'atom_descriptor_scaling': True,
 'atom_descriptors': None,
 'atom_descriptors_path': None,
 'atom_descriptors_size': 0,
 'atom_features_size': 0,
 'atom_messages': False,
 'atom_targets': [],
 'batch_size': 50,
 'bias': False,
 'bias_solvent': False,
 'bond_constraints': [],
 'bond_descriptor_scaling': True,
 'bond_descriptors': None,
 'bond_descriptors_path': None,
 'bond_descriptors_size': 0,
 'bond_features_size': 0,
 'bond_targets': [],
 'cache_cutoff': 10000,
 'checkpoint_dir': None,
 'checkpoint_frzn': 'KSE_ML_model_files/model_0/model.pt',
 'checkpoint_path': None,
 'checkpoint_paths': None,
 'class_balance': False,
 'config_path': None,
 'constraints_path': None,
 'crossval_index_dir': None,
 'crossval_index_file': None,
 'crossval_index_sets': None,
 'cuda': False,
 'data_path': 'RxnSolvKSE_dataset_v1.1/finetuning_set/chosen_data/finetuning_rxn_solvent_ddGsolv_ddHsolv_chosen.csv',
 'data_weights_path': None,
 'dataset_type': 'regression',
 'depth': 3,
 'depth_solvent': 3,
 'device': device(type='cpu'),
 'dropout': 0.0,
 'empty_cache': True,
 'ensemble_size': 1,
 'epochs': 10,
 'evidential_regularization': 0,
 'explicit_h': False,
 'extra_metrics': [],
 'features_generator': None,
 'features_only': False,
 'features_path': None,
 'features_scaling': True,
 'features_size': None,
 'ffn_hidden_size': 300,
 'ffn_num_layers': 2,
 'final_lr': 0.0001,
 'folds_file': None,
 'freeze_first_only': False,
 'frzn_ffn_layers': 0,
 'gpu': None,
 'grad_clip': None,
 'hidden_size': 300,
 'hidden_size_solvent': 300,
 'ignore_columns': None,
 'ignore_nan_metrics': False,
 'init_lr': 0.0001,
 'is_atom_bond_targets': False,
 'keeping_atom_map': False,
 'log_frequency': 10,
 'loss_function': 'mse',
 'max_data_size': None,
 'max_lr': 0.001,
 'metric': 'rmse',
 'metrics': ['rmse'],
 'minimize_score': True,
 'mpn_shared': False,
 'multiclass_num_classes': 3,
 'no_adding_bond_types': False,
 'no_atom_descriptor_scaling': False,
 'no_bond_descriptor_scaling': False,
 'no_cache_mol': False,
 'no_cuda': False,
 'no_features_scaling': False,
 'no_shared_atom_bond_ffn': False,
 'num_folds': 1,
 'num_lrs': 1,
 'num_tasks': 1,
 'num_workers': 0,
 'number_of_molecules': 2,
 'overwrite_default_atom_features': False,
 'overwrite_default_bond_features': False,
 'phase_features_path': None,
 'pytorch_seed': 0,
 'quantile_loss_alpha': 0.1,
 'quantiles': [],
 'quiet': False,
 'reaction': False,
 'reaction_mode': 'reac_prod',
 'reaction_solvent': True,
 'resume_experiment': False,
 'save_dir': 'refinetuned_models_2',
 'save_preds': False,
 'save_smiles_splits': False,
 'seed': 0,
 'separate_test_atom_descriptors_path': None,
 'separate_test_bond_descriptors_path': None,
 'separate_test_constraints_path': None,
 'separate_test_features_path': None,
 'separate_test_path': None,
 'separate_test_phase_features_path': None,
 'separate_val_atom_descriptors_path': None,
 'separate_val_bond_descriptors_path': None,
 'separate_val_constraints_path': None,
 'separate_val_features_path': None,
 'separate_val_path': None,
 'separate_val_phase_features_path': None,
 'shared_atom_bond_ffn': True,
 'show_individual_scores': False,
 'smiles_columns': ['rxn_smiles', 'solvent_smiles'],
 'spectra_activation': 'exp',
 'spectra_phase_mask_path': None,
 'spectra_target_floor': 1e-08,
 'split_key_molecule': 0,
 'split_sizes': [0.8, 0.1, 0.1],
 'split_type': 'random',
 'target_columns': ['ddGsolv'],
 'target_weights': None,
 'task_names': ['ddGsolv'],
 'test': False,
 'test_fold_index': None,
 'train_data_size': None,
 'undirected': False,
 'use_input_features': False,
 'val_fold_index': None,
 'warmup_epochs': 2.0,
 'weights_ffn_num_layers': 2}
Setting molecule featurization parameters to default.
Loading data
Number of tasks = 1
Fold 0
Splitting data with seed 0
Total size = 46,122 | train size = 36,897 | val size = 4,612 | test size = 4,613
Fitting scaler
Building model 0
Loading and freezing parameters from KSE_ML_model_files/model_0/model.pt.
MoleculeModel(
  (encoder): MPN(
    (encoder): MPNEncoder(
      (dropout): Dropout(p=0.0, inplace=False)
      (act_func): ReLU()
      (W_i): Linear(in_features=193, out_features=300, bias=False)
      (W_h): Linear(in_features=300, out_features=300, bias=False)
      (W_o): Linear(in_features=465, out_features=300, bias=True)
    )
    (encoder_solvent): MPNEncoder(
      (dropout): Dropout(p=0.0, inplace=False)
      (act_func): ReLU()
      (W_i): Linear(in_features=147, out_features=300, bias=False)
      (W_h): Linear(in_features=300, out_features=300, bias=False)
      (W_o): Linear(in_features=433, out_features=300, bias=True)
    )
  )
  (readout): Sequential(
    (0): Dropout(p=0.0, inplace=False)
    (1): Linear(in_features=600, out_features=300, bias=True)
    (2): ReLU()
    (3): Dropout(p=0.0, inplace=False)
    (4): Linear(in_features=300, out_features=1, bias=True)
  )
)
Number of unfrozen parameters = 180,601
Total number of parameters = 733,201
Epoch 0
Loss = 1.0670e+00, PNorm = 46.3514, GNorm = 1.7290, lr_0 = 1.0672e-04
Loss = 9.7097e-01, PNorm = 46.3522, GNorm = 3.0204, lr_0 = 1.1282e-04
Loss = 9.2650e-01, PNorm = 46.3533, GNorm = 1.0995, lr_0 = 1.1893e-04
Loss = 7.8279e-01, PNorm = 46.3545, GNorm = 1.0426, lr_0 = 1.2503e-04
Loss = 8.0763e-01, PNorm = 46.3559, GNorm = 1.4890, lr_0 = 1.3114e-04
Loss = 7.5048e-01, PNorm = 46.3576, GNorm = 0.7644, lr_0 = 1.3725e-04
Loss = 7.2567e-01, PNorm = 46.3593, GNorm = 2.2933, lr_0 = 1.4335e-04
Loss = 9.3297e-01, PNorm = 46.3616, GNorm = 1.1720, lr_0 = 1.4946e-04
Loss = 9.2806e-01, PNorm = 46.3643, GNorm = 0.6129, lr_0 = 1.5556e-04
Loss = 9.0604e-01, PNorm = 46.3673, GNorm = 2.0342, lr_0 = 1.6167e-04
Loss = 9.5719e-01, PNorm = 46.3713, GNorm = 2.5643, lr_0 = 1.6777e-04
Loss = 8.5717e-01, PNorm = 46.3761, GNorm = 0.9879, lr_0 = 1.7388e-04
Loss = 7.8271e-01, PNorm = 46.3808, GNorm = 1.1254, lr_0 = 1.7999e-04
Loss = 7.7948e-01, PNorm = 46.3865, GNorm = 4.0567, lr_0 = 1.8609e-04
Loss = 1.0569e+00, PNorm = 46.3923, GNorm = 1.4812, lr_0 = 1.9220e-04
Loss = 8.7198e-01, PNorm = 46.3985, GNorm = 0.7444, lr_0 = 1.9830e-04
Loss = 7.5108e-01, PNorm = 46.4069, GNorm = 0.8510, lr_0 = 2.0441e-04
Loss = 6.3770e-01, PNorm = 46.4142, GNorm = 1.9070, lr_0 = 2.1052e-04
Loss = 8.7816e-01, PNorm = 46.4225, GNorm = 0.8383, lr_0 = 2.1662e-04
Loss = 7.7239e-01, PNorm = 46.4306, GNorm = 0.6848, lr_0 = 2.2273e-04
Loss = 8.0011e-01, PNorm = 46.4400, GNorm = 0.9831, lr_0 = 2.2883e-04
Loss = 6.6972e-01, PNorm = 46.4488, GNorm = 1.1944, lr_0 = 2.3494e-04
Loss = 7.2179e-01, PNorm = 46.4595, GNorm = 1.6033, lr_0 = 2.4104e-04
Loss = 8.4244e-01, PNorm = 46.4697, GNorm = 2.1247, lr_0 = 2.4715e-04
Loss = 8.0118e-01, PNorm = 46.4790, GNorm = 1.0439, lr_0 = 2.5326e-04
Loss = 8.0385e-01, PNorm = 46.4930, GNorm = 1.4247, lr_0 = 2.5936e-04
Loss = 7.4246e-01, PNorm = 46.5039, GNorm = 2.1002, lr_0 = 2.6547e-04
Loss = 6.7437e-01, PNorm = 46.5142, GNorm = 1.5283, lr_0 = 2.7157e-04
Loss = 6.6064e-01, PNorm = 46.5249, GNorm = 1.4302, lr_0 = 2.7768e-04
Loss = 6.8216e-01, PNorm = 46.5372, GNorm = 1.1585, lr_0 = 2.8379e-04
Loss = 8.2852e-01, PNorm = 46.5502, GNorm = 0.6781, lr_0 = 2.8989e-04
Loss = 7.1908e-01, PNorm = 46.5620, GNorm = 2.5103, lr_0 = 2.9600e-04
Loss = 6.6405e-01, PNorm = 46.5742, GNorm = 3.0179, lr_0 = 3.0210e-04
Loss = 7.7479e-01, PNorm = 46.5883, GNorm = 1.8213, lr_0 = 3.0821e-04
Loss = 7.1327e-01, PNorm = 46.6030, GNorm = 2.8152, lr_0 = 3.1431e-04
Loss = 6.3480e-01, PNorm = 46.6170, GNorm = 3.3882, lr_0 = 3.2042e-04
Loss = 6.3163e-01, PNorm = 46.6335, GNorm = 2.2727, lr_0 = 3.2653e-04
Loss = 6.0746e-01, PNorm = 46.6479, GNorm = 3.0147, lr_0 = 3.3263e-04
Loss = 6.8558e-01, PNorm = 46.6571, GNorm = 2.4361, lr_0 = 3.3874e-04
Loss = 7.2751e-01, PNorm = 46.6692, GNorm = 1.6608, lr_0 = 3.4484e-04
Loss = 6.7190e-01, PNorm = 46.6821, GNorm = 1.9651, lr_0 = 3.5095e-04
Loss = 5.2331e-01, PNorm = 46.6973, GNorm = 0.6912, lr_0 = 3.5706e-04
Loss = 5.9384e-01, PNorm = 46.7085, GNorm = 0.5872, lr_0 = 3.6316e-04
Loss = 7.6117e-01, PNorm = 46.7234, GNorm = 2.2280, lr_0 = 3.6927e-04
Loss = 7.7168e-01, PNorm = 46.7409, GNorm = 3.2299, lr_0 = 3.7537e-04
Loss = 6.1252e-01, PNorm = 46.7532, GNorm = 1.1711, lr_0 = 3.8148e-04
Loss = 5.8597e-01, PNorm = 46.7694, GNorm = 0.7430, lr_0 = 3.8758e-04
Loss = 5.9013e-01, PNorm = 46.7806, GNorm = 3.2328, lr_0 = 3.9369e-04
Loss = 7.6870e-01, PNorm = 46.7964, GNorm = 1.2638, lr_0 = 3.9980e-04
Loss = 8.0149e-01, PNorm = 46.8175, GNorm = 1.5723, lr_0 = 4.0590e-04
Loss = 7.0665e-01, PNorm = 46.8381, GNorm = 0.8236, lr_0 = 4.1201e-04
Loss = 5.8124e-01, PNorm = 46.8540, GNorm = 1.8848, lr_0 = 4.1811e-04
Loss = 6.0073e-01, PNorm = 46.8691, GNorm = 1.0946, lr_0 = 4.2422e-04
Loss = 5.2956e-01, PNorm = 46.8827, GNorm = 1.1945, lr_0 = 4.3033e-04
Loss = 6.3234e-01, PNorm = 46.9022, GNorm = 0.6317, lr_0 = 4.3643e-04
Loss = 7.7692e-01, PNorm = 46.9240, GNorm = 2.1785, lr_0 = 4.4254e-04
Loss = 5.6669e-01, PNorm = 46.9464, GNorm = 1.3513, lr_0 = 4.4864e-04
Loss = 6.9210e-01, PNorm = 46.9660, GNorm = 3.3680, lr_0 = 4.5475e-04
Loss = 6.8455e-01, PNorm = 46.9856, GNorm = 4.2018, lr_0 = 4.6085e-04
Loss = 6.4810e-01, PNorm = 47.0028, GNorm = 4.1194, lr_0 = 4.6696e-04
Loss = 6.3221e-01, PNorm = 47.0212, GNorm = 1.6717, lr_0 = 4.7307e-04
Loss = 6.8777e-01, PNorm = 47.0457, GNorm = 0.6720, lr_0 = 4.7917e-04
Loss = 6.1180e-01, PNorm = 47.0627, GNorm = 4.7015, lr_0 = 4.8528e-04
Loss = 6.0981e-01, PNorm = 47.0793, GNorm = 1.5937, lr_0 = 4.9138e-04
Loss = 5.1841e-01, PNorm = 47.0973, GNorm = 3.3423, lr_0 = 4.9749e-04
Loss = 5.0536e-01, PNorm = 47.1202, GNorm = 2.8602, lr_0 = 5.0360e-04
Loss = 6.6331e-01, PNorm = 47.1366, GNorm = 2.4245, lr_0 = 5.0970e-04
Loss = 5.6307e-01, PNorm = 47.1481, GNorm = 3.3488, lr_0 = 5.1581e-04
Loss = 6.0895e-01, PNorm = 47.1681, GNorm = 5.0912, lr_0 = 5.2191e-04
Loss = 5.1688e-01, PNorm = 47.1850, GNorm = 1.4446, lr_0 = 5.2802e-04
Loss = 6.7151e-01, PNorm = 47.2039, GNorm = 0.7970, lr_0 = 5.3412e-04
Loss = 5.5686e-01, PNorm = 47.2263, GNorm = 6.1908, lr_0 = 5.4023e-04
Loss = 5.7400e-01, PNorm = 47.2442, GNorm = 2.4727, lr_0 = 5.4634e-04
Validation rmse = 1.489800
Epoch 1
Loss = 5.6457e-01, PNorm = 47.2675, GNorm = 3.0020, lr_0 = 5.5305e-04
Loss = 6.0123e-01, PNorm = 47.2861, GNorm = 3.3580, lr_0 = 5.5916e-04
Loss = 5.4780e-01, PNorm = 47.3088, GNorm = 0.8564, lr_0 = 5.6526e-04
Loss = 6.4155e-01, PNorm = 47.3302, GNorm = 3.4385, lr_0 = 5.7137e-04
Loss = 5.8767e-01, PNorm = 47.3512, GNorm = 3.0636, lr_0 = 5.7748e-04
Loss = 5.1608e-01, PNorm = 47.3731, GNorm = 0.9376, lr_0 = 5.8358e-04
Loss = 6.0989e-01, PNorm = 47.3965, GNorm = 1.2985, lr_0 = 5.8969e-04
Loss = 5.9979e-01, PNorm = 47.4118, GNorm = 0.7440, lr_0 = 5.9579e-04
Loss = 6.1756e-01, PNorm = 47.4366, GNorm = 3.1234, lr_0 = 6.0190e-04
Loss = 5.3386e-01, PNorm = 47.4625, GNorm = 2.2471, lr_0 = 6.0801e-04
Loss = 6.7505e-01, PNorm = 47.4845, GNorm = 1.6423, lr_0 = 6.1411e-04
Loss = 6.2297e-01, PNorm = 47.5129, GNorm = 0.5980, lr_0 = 6.2022e-04
Loss = 6.1248e-01, PNorm = 47.5491, GNorm = 4.6829, lr_0 = 6.2632e-04
Loss = 5.3107e-01, PNorm = 47.5715, GNorm = 2.4142, lr_0 = 6.3243e-04
Loss = 5.0743e-01, PNorm = 47.5978, GNorm = 1.8113, lr_0 = 6.3853e-04
Loss = 6.3984e-01, PNorm = 47.6273, GNorm = 3.0936, lr_0 = 6.4464e-04
Loss = 5.7996e-01, PNorm = 47.6412, GNorm = 0.9959, lr_0 = 6.5075e-04
Loss = 4.8513e-01, PNorm = 47.6609, GNorm = 0.9588, lr_0 = 6.5685e-04
Loss = 6.3635e-01, PNorm = 47.6888, GNorm = 2.7829, lr_0 = 6.6296e-04
Loss = 4.8764e-01, PNorm = 47.7120, GNorm = 1.2198, lr_0 = 6.6906e-04
Loss = 4.8313e-01, PNorm = 47.7353, GNorm = 1.5361, lr_0 = 6.7517e-04
Loss = 5.1902e-01, PNorm = 47.7694, GNorm = 2.3131, lr_0 = 6.8128e-04
Loss = 5.4294e-01, PNorm = 47.8092, GNorm = 0.7439, lr_0 = 6.8738e-04
Loss = 6.1639e-01, PNorm = 47.8510, GNorm = 0.7980, lr_0 = 6.9349e-04
Loss = 4.7743e-01, PNorm = 47.8879, GNorm = 1.8540, lr_0 = 6.9959e-04
Loss = 5.1117e-01, PNorm = 47.9226, GNorm = 2.2641, lr_0 = 7.0570e-04
Loss = 5.9546e-01, PNorm = 47.9602, GNorm = 2.5254, lr_0 = 7.1180e-04
Loss = 4.9854e-01, PNorm = 47.9936, GNorm = 2.7701, lr_0 = 7.1791e-04
Loss = 5.5422e-01, PNorm = 48.0181, GNorm = 4.0035, lr_0 = 7.2402e-04
Loss = 5.6214e-01, PNorm = 48.0478, GNorm = 2.3002, lr_0 = 7.3012e-04
Loss = 6.3840e-01, PNorm = 48.0798, GNorm = 1.9592, lr_0 = 7.3623e-04
Loss = 6.3470e-01, PNorm = 48.1098, GNorm = 2.0939, lr_0 = 7.4233e-04
Loss = 5.6060e-01, PNorm = 48.1454, GNorm = 5.2684, lr_0 = 7.4844e-04
Loss = 4.6193e-01, PNorm = 48.1739, GNorm = 0.8234, lr_0 = 7.5455e-04
Loss = 5.3547e-01, PNorm = 48.2118, GNorm = 2.2022, lr_0 = 7.6065e-04
Loss = 5.6602e-01, PNorm = 48.2495, GNorm = 2.1638, lr_0 = 7.6676e-04
Loss = 5.8314e-01, PNorm = 48.2774, GNorm = 3.9328, lr_0 = 7.7286e-04
Loss = 4.8972e-01, PNorm = 48.3088, GNorm = 0.7022, lr_0 = 7.7897e-04
Loss = 5.1487e-01, PNorm = 48.3432, GNorm = 1.4255, lr_0 = 7.8507e-04
Loss = 6.1902e-01, PNorm = 48.3851, GNorm = 4.8455, lr_0 = 7.9118e-04
Loss = 4.9090e-01, PNorm = 48.4347, GNorm = 3.4544, lr_0 = 7.9729e-04
Loss = 4.7261e-01, PNorm = 48.4812, GNorm = 3.1484, lr_0 = 8.0339e-04
Loss = 6.2432e-01, PNorm = 48.5307, GNorm = 1.4274, lr_0 = 8.0950e-04
Loss = 6.0697e-01, PNorm = 48.5700, GNorm = 1.2898, lr_0 = 8.1560e-04
Loss = 5.4921e-01, PNorm = 48.6056, GNorm = 3.7909, lr_0 = 8.2171e-04
Loss = 5.9703e-01, PNorm = 48.6428, GNorm = 1.1936, lr_0 = 8.2782e-04
Loss = 5.3929e-01, PNorm = 48.6823, GNorm = 2.2964, lr_0 = 8.3392e-04
Loss = 4.5337e-01, PNorm = 48.7166, GNorm = 2.3883, lr_0 = 8.4003e-04
Loss = 6.0825e-01, PNorm = 48.7582, GNorm = 1.3407, lr_0 = 8.4613e-04
Loss = 4.4496e-01, PNorm = 48.8040, GNorm = 1.5476, lr_0 = 8.5224e-04
Loss = 5.0219e-01, PNorm = 48.8326, GNorm = 1.0518, lr_0 = 8.5834e-04
Loss = 5.8081e-01, PNorm = 48.8648, GNorm = 1.4850, lr_0 = 8.6445e-04
Loss = 5.7422e-01, PNorm = 48.9115, GNorm = 4.0890, lr_0 = 8.7056e-04
Loss = 6.2784e-01, PNorm = 48.9533, GNorm = 0.7745, lr_0 = 8.7666e-04
Loss = 6.2363e-01, PNorm = 48.9907, GNorm = 1.3265, lr_0 = 8.8277e-04
Loss = 6.4706e-01, PNorm = 49.0317, GNorm = 2.4460, lr_0 = 8.8887e-04
Loss = 6.4063e-01, PNorm = 49.0877, GNorm = 1.1804, lr_0 = 8.9498e-04
Loss = 5.3205e-01, PNorm = 49.1350, GNorm = 0.8715, lr_0 = 9.0109e-04
Loss = 5.4121e-01, PNorm = 49.1741, GNorm = 1.5031, lr_0 = 9.0719e-04
Loss = 4.8808e-01, PNorm = 49.2179, GNorm = 2.2940, lr_0 = 9.1330e-04
Loss = 5.8895e-01, PNorm = 49.2653, GNorm = 1.9403, lr_0 = 9.1940e-04
Loss = 5.0368e-01, PNorm = 49.2936, GNorm = 1.8918, lr_0 = 9.2551e-04
Loss = 5.2928e-01, PNorm = 49.3360, GNorm = 2.7203, lr_0 = 9.3161e-04
Loss = 5.4319e-01, PNorm = 49.3820, GNorm = 4.8716, lr_0 = 9.3772e-04
Loss = 5.0281e-01, PNorm = 49.4320, GNorm = 1.3194, lr_0 = 9.4383e-04
Loss = 4.6333e-01, PNorm = 49.4782, GNorm = 2.0579, lr_0 = 9.4993e-04
Loss = 4.3691e-01, PNorm = 49.5164, GNorm = 2.4399, lr_0 = 9.5604e-04
Loss = 5.5513e-01, PNorm = 49.5607, GNorm = 0.8919, lr_0 = 9.6214e-04
Loss = 4.3901e-01, PNorm = 49.6047, GNorm = 1.4472, lr_0 = 9.6825e-04
Loss = 6.0042e-01, PNorm = 49.6544, GNorm = 4.1226, lr_0 = 9.7436e-04
Loss = 4.8628e-01, PNorm = 49.7177, GNorm = 1.0647, lr_0 = 9.8046e-04
Loss = 4.5009e-01, PNorm = 49.7788, GNorm = 1.5979, lr_0 = 9.8657e-04
Loss = 4.9912e-01, PNorm = 49.8299, GNorm = 1.3950, lr_0 = 9.9267e-04
Loss = 5.0239e-01, PNorm = 49.8765, GNorm = 1.3862, lr_0 = 9.9878e-04
Validation rmse = 1.418505
Epoch 2
Loss = 7.1991e-01, PNorm = 49.9200, GNorm = 1.6607, lr_0 = 9.9688e-04
Loss = 4.3530e-01, PNorm = 49.9621, GNorm = 2.4143, lr_0 = 9.9300e-04
Loss = 4.6903e-01, PNorm = 49.9956, GNorm = 0.5429, lr_0 = 9.8912e-04
Loss = 4.1829e-01, PNorm = 50.0369, GNorm = 1.1692, lr_0 = 9.8527e-04
Loss = 3.9356e-01, PNorm = 50.0726, GNorm = 0.8059, lr_0 = 9.8143e-04
Loss = 4.1062e-01, PNorm = 50.1075, GNorm = 1.3041, lr_0 = 9.7760e-04
Loss = 4.4776e-01, PNorm = 50.1468, GNorm = 4.6365, lr_0 = 9.7379e-04
Loss = 4.4072e-01, PNorm = 50.2039, GNorm = 2.3827, lr_0 = 9.7000e-04
Loss = 5.2020e-01, PNorm = 50.2468, GNorm = 2.1170, lr_0 = 9.6622e-04
Loss = 4.3753e-01, PNorm = 50.2877, GNorm = 4.5683, lr_0 = 9.6245e-04
Loss = 4.7176e-01, PNorm = 50.3279, GNorm = 1.7792, lr_0 = 9.5870e-04
Loss = 4.9573e-01, PNorm = 50.3628, GNorm = 1.2502, lr_0 = 9.5496e-04
Loss = 5.1595e-01, PNorm = 50.4199, GNorm = 4.9325, lr_0 = 9.5124e-04
Loss = 4.5943e-01, PNorm = 50.4719, GNorm = 3.2611, lr_0 = 9.4753e-04
Loss = 5.7869e-01, PNorm = 50.5334, GNorm = 3.6848, lr_0 = 9.4384e-04
Loss = 4.8195e-01, PNorm = 50.5925, GNorm = 1.1048, lr_0 = 9.4016e-04
Loss = 4.7278e-01, PNorm = 50.6221, GNorm = 1.6108, lr_0 = 9.3650e-04
Loss = 5.7150e-01, PNorm = 50.6560, GNorm = 4.3708, lr_0 = 9.3285e-04
Loss = 3.5574e-01, PNorm = 50.6946, GNorm = 0.8396, lr_0 = 9.2921e-04
Loss = 4.2943e-01, PNorm = 50.7370, GNorm = 1.5600, lr_0 = 9.2559e-04
Loss = 5.3460e-01, PNorm = 50.7776, GNorm = 0.8425, lr_0 = 9.2198e-04
Loss = 4.6074e-01, PNorm = 50.8227, GNorm = 2.1484, lr_0 = 9.1839e-04
Loss = 5.0056e-01, PNorm = 50.8662, GNorm = 3.4953, lr_0 = 9.1481e-04
Loss = 5.0844e-01, PNorm = 50.9119, GNorm = 0.8410, lr_0 = 9.1124e-04
Loss = 5.3821e-01, PNorm = 50.9719, GNorm = 0.9206, lr_0 = 9.0769e-04
Loss = 5.1465e-01, PNorm = 51.0211, GNorm = 1.9542, lr_0 = 9.0415e-04
Loss = 5.1117e-01, PNorm = 51.0703, GNorm = 1.2068, lr_0 = 9.0063e-04
Loss = 4.1037e-01, PNorm = 51.1047, GNorm = 0.7411, lr_0 = 8.9712e-04
Loss = 5.1165e-01, PNorm = 51.1478, GNorm = 3.2404, lr_0 = 8.9362e-04
Loss = 5.1929e-01, PNorm = 51.1873, GNorm = 2.8699, lr_0 = 8.9014e-04
Loss = 5.0042e-01, PNorm = 51.2263, GNorm = 2.5963, lr_0 = 8.8667e-04
Loss = 6.6776e-01, PNorm = 51.2808, GNorm = 4.2949, lr_0 = 8.8321e-04
Loss = 5.0741e-01, PNorm = 51.3263, GNorm = 2.1775, lr_0 = 8.7977e-04
Loss = 4.1669e-01, PNorm = 51.3719, GNorm = 0.7847, lr_0 = 8.7634e-04
Loss = 4.7625e-01, PNorm = 51.4181, GNorm = 3.1139, lr_0 = 8.7293e-04
Loss = 4.4664e-01, PNorm = 51.4615, GNorm = 1.0988, lr_0 = 8.6952e-04
Loss = 6.3684e-01, PNorm = 51.4995, GNorm = 1.2960, lr_0 = 8.6613e-04
Loss = 3.9447e-01, PNorm = 51.5374, GNorm = 0.9675, lr_0 = 8.6276e-04
Loss = 5.5154e-01, PNorm = 51.5769, GNorm = 4.3969, lr_0 = 8.5939e-04
Loss = 3.8293e-01, PNorm = 51.6210, GNorm = 2.7738, lr_0 = 8.5605e-04
Loss = 4.0599e-01, PNorm = 51.6599, GNorm = 1.1865, lr_0 = 8.5271e-04
Loss = 4.6369e-01, PNorm = 51.6864, GNorm = 1.2188, lr_0 = 8.4938e-04
Loss = 4.5725e-01, PNorm = 51.7204, GNorm = 3.9660, lr_0 = 8.4607e-04
Loss = 5.1112e-01, PNorm = 51.7573, GNorm = 1.0834, lr_0 = 8.4278e-04
Loss = 3.6345e-01, PNorm = 51.7968, GNorm = 1.3709, lr_0 = 8.3949e-04
Loss = 4.1110e-01, PNorm = 51.8331, GNorm = 2.0879, lr_0 = 8.3622e-04
Loss = 4.8450e-01, PNorm = 51.8701, GNorm = 0.8255, lr_0 = 8.3296e-04
Loss = 3.6894e-01, PNorm = 51.9000, GNorm = 1.8263, lr_0 = 8.2971e-04
Loss = 4.2991e-01, PNorm = 51.9282, GNorm = 3.0256, lr_0 = 8.2648e-04
Loss = 6.1670e-01, PNorm = 51.9623, GNorm = 1.7252, lr_0 = 8.2326e-04
Loss = 4.9784e-01, PNorm = 51.9948, GNorm = 1.7937, lr_0 = 8.2005e-04
Loss = 3.9454e-01, PNorm = 52.0251, GNorm = 1.1259, lr_0 = 8.1685e-04
Loss = 3.9149e-01, PNorm = 52.0491, GNorm = 1.5369, lr_0 = 8.1367e-04
Loss = 4.7105e-01, PNorm = 52.0758, GNorm = 1.7185, lr_0 = 8.1050e-04
Loss = 4.3614e-01, PNorm = 52.1048, GNorm = 1.9531, lr_0 = 8.0734e-04
Loss = 4.4389e-01, PNorm = 52.1436, GNorm = 1.1630, lr_0 = 8.0419e-04
Loss = 4.2273e-01, PNorm = 52.1718, GNorm = 1.4055, lr_0 = 8.0106e-04
Loss = 4.7250e-01, PNorm = 52.1991, GNorm = 2.0623, lr_0 = 7.9793e-04
Loss = 4.3485e-01, PNorm = 52.2313, GNorm = 2.5284, lr_0 = 7.9482e-04
Loss = 4.8116e-01, PNorm = 52.2693, GNorm = 1.1473, lr_0 = 7.9173e-04
Loss = 4.4670e-01, PNorm = 52.2939, GNorm = 1.3415, lr_0 = 7.8864e-04
Loss = 3.8748e-01, PNorm = 52.3187, GNorm = 1.1655, lr_0 = 7.8557e-04
Loss = 4.1262e-01, PNorm = 52.3447, GNorm = 2.7844, lr_0 = 7.8250e-04
Loss = 4.2683e-01, PNorm = 52.3760, GNorm = 2.2792, lr_0 = 7.7945e-04
Loss = 4.6838e-01, PNorm = 52.4054, GNorm = 4.3076, lr_0 = 7.7642e-04
Loss = 4.2171e-01, PNorm = 52.4304, GNorm = 1.0726, lr_0 = 7.7339e-04
Loss = 4.4400e-01, PNorm = 52.4722, GNorm = 4.8871, lr_0 = 7.7038e-04
Loss = 5.1964e-01, PNorm = 52.4985, GNorm = 2.3752, lr_0 = 7.6737e-04
Loss = 5.5858e-01, PNorm = 52.5240, GNorm = 2.1719, lr_0 = 7.6438e-04
Loss = 3.8780e-01, PNorm = 52.5519, GNorm = 3.0281, lr_0 = 7.6140e-04
Loss = 4.4450e-01, PNorm = 52.5840, GNorm = 2.3272, lr_0 = 7.5844e-04
Loss = 4.6269e-01, PNorm = 52.6229, GNorm = 3.8771, lr_0 = 7.5548e-04
Loss = 5.3789e-01, PNorm = 52.6655, GNorm = 1.3678, lr_0 = 7.5253e-04
Loss = 3.8554e-01, PNorm = 52.6991, GNorm = 0.7406, lr_0 = 7.4960e-04
Validation rmse = 1.245836
Epoch 3
Loss = 4.2056e-01, PNorm = 52.7278, GNorm = 1.3784, lr_0 = 7.4668e-04
Loss = 3.4222e-01, PNorm = 52.7579, GNorm = 1.0893, lr_0 = 7.4377e-04
Loss = 3.8513e-01, PNorm = 52.7886, GNorm = 1.5561, lr_0 = 7.4087e-04
Loss = 4.3571e-01, PNorm = 52.8173, GNorm = 1.2850, lr_0 = 7.3798e-04
Loss = 4.9435e-01, PNorm = 52.8517, GNorm = 2.6811, lr_0 = 7.3511e-04
Loss = 4.6280e-01, PNorm = 52.8820, GNorm = 1.7986, lr_0 = 7.3224e-04
Loss = 4.9751e-01, PNorm = 52.9142, GNorm = 2.2309, lr_0 = 7.2939e-04
Loss = 4.5123e-01, PNorm = 52.9426, GNorm = 0.9603, lr_0 = 7.2654e-04
Loss = 4.8566e-01, PNorm = 52.9700, GNorm = 5.0957, lr_0 = 7.2371e-04
Loss = 3.9381e-01, PNorm = 53.0039, GNorm = 1.3256, lr_0 = 7.2089e-04
Loss = 3.3363e-01, PNorm = 53.0324, GNorm = 0.6963, lr_0 = 7.1808e-04
Loss = 4.6191e-01, PNorm = 53.0619, GNorm = 4.4738, lr_0 = 7.1528e-04
Loss = 3.7753e-01, PNorm = 53.0943, GNorm = 3.7717, lr_0 = 7.1249e-04
Loss = 3.5336e-01, PNorm = 53.1267, GNorm = 1.9248, lr_0 = 7.0972e-04
Loss = 4.6646e-01, PNorm = 53.1551, GNorm = 3.6664, lr_0 = 7.0695e-04
Loss = 5.1265e-01, PNorm = 53.1935, GNorm = 1.6429, lr_0 = 7.0420e-04
Loss = 3.2252e-01, PNorm = 53.2270, GNorm = 1.0132, lr_0 = 7.0145e-04
Loss = 4.9477e-01, PNorm = 53.2587, GNorm = 4.5463, lr_0 = 6.9872e-04
Loss = 4.4140e-01, PNorm = 53.2958, GNorm = 1.4903, lr_0 = 6.9599e-04
Loss = 4.2218e-01, PNorm = 53.3331, GNorm = 2.2118, lr_0 = 6.9328e-04
Loss = 5.7757e-01, PNorm = 53.3653, GNorm = 3.4855, lr_0 = 6.9058e-04
Loss = 4.3993e-01, PNorm = 53.3940, GNorm = 4.4025, lr_0 = 6.8789e-04
Loss = 4.1396e-01, PNorm = 53.4226, GNorm = 3.4606, lr_0 = 6.8521e-04
Loss = 3.6146e-01, PNorm = 53.4513, GNorm = 1.2098, lr_0 = 6.8253e-04
Loss = 3.7154e-01, PNorm = 53.4778, GNorm = 0.9445, lr_0 = 6.7987e-04
Loss = 5.4989e-01, PNorm = 53.5052, GNorm = 1.3180, lr_0 = 6.7722e-04
Loss = 3.2340e-01, PNorm = 53.5314, GNorm = 1.4638, lr_0 = 6.7458e-04
Loss = 4.5627e-01, PNorm = 53.5582, GNorm = 1.3331, lr_0 = 6.7196e-04
Loss = 4.3079e-01, PNorm = 53.5797, GNorm = 2.2017, lr_0 = 6.6934e-04
Loss = 4.2172e-01, PNorm = 53.5990, GNorm = 3.6849, lr_0 = 6.6673e-04
Loss = 4.6538e-01, PNorm = 53.6280, GNorm = 2.6890, lr_0 = 6.6413e-04
Loss = 4.7163e-01, PNorm = 53.6632, GNorm = 0.6694, lr_0 = 6.6154e-04
Loss = 4.3142e-01, PNorm = 53.6974, GNorm = 2.2916, lr_0 = 6.5896e-04
Loss = 4.8811e-01, PNorm = 53.7269, GNorm = 1.2638, lr_0 = 6.5639e-04
Loss = 3.2899e-01, PNorm = 53.7495, GNorm = 1.6200, lr_0 = 6.5383e-04
Loss = 3.9597e-01, PNorm = 53.7730, GNorm = 2.2564, lr_0 = 6.5129e-04
Loss = 3.7839e-01, PNorm = 53.7999, GNorm = 1.9060, lr_0 = 6.4875e-04
Loss = 4.0411e-01, PNorm = 53.8256, GNorm = 0.9267, lr_0 = 6.4622e-04
Loss = 3.8400e-01, PNorm = 53.8558, GNorm = 3.7128, lr_0 = 6.4370e-04
Loss = 4.2668e-01, PNorm = 53.8790, GNorm = 1.0910, lr_0 = 6.4119e-04
Loss = 3.8274e-01, PNorm = 53.9053, GNorm = 3.8382, lr_0 = 6.3869e-04
Loss = 3.1655e-01, PNorm = 53.9395, GNorm = 0.7175, lr_0 = 6.3620e-04
Loss = 3.6036e-01, PNorm = 53.9621, GNorm = 1.0944, lr_0 = 6.3372e-04
Loss = 4.3342e-01, PNorm = 53.9902, GNorm = 0.8011, lr_0 = 6.3125e-04
Loss = 3.9061e-01, PNorm = 54.0269, GNorm = 2.8432, lr_0 = 6.2879e-04
Loss = 4.2666e-01, PNorm = 54.0576, GNorm = 1.8874, lr_0 = 6.2634e-04
Loss = 4.2979e-01, PNorm = 54.0853, GNorm = 3.6809, lr_0 = 6.2390e-04
Loss = 3.6952e-01, PNorm = 54.1129, GNorm = 0.8210, lr_0 = 6.2147e-04
Loss = 3.4759e-01, PNorm = 54.1341, GNorm = 1.8103, lr_0 = 6.1905e-04
Loss = 4.1200e-01, PNorm = 54.1490, GNorm = 1.1341, lr_0 = 6.1663e-04
Loss = 4.4727e-01, PNorm = 54.1600, GNorm = 1.1999, lr_0 = 6.1423e-04
Loss = 4.1763e-01, PNorm = 54.1761, GNorm = 1.2618, lr_0 = 6.1184e-04
Loss = 4.3792e-01, PNorm = 54.1994, GNorm = 0.6108, lr_0 = 6.0945e-04
Loss = 3.9962e-01, PNorm = 54.2198, GNorm = 0.7613, lr_0 = 6.0708e-04
Loss = 4.0196e-01, PNorm = 54.2400, GNorm = 2.5833, lr_0 = 6.0471e-04
Loss = 3.7295e-01, PNorm = 54.2599, GNorm = 0.6444, lr_0 = 6.0235e-04
Loss = 3.7669e-01, PNorm = 54.2851, GNorm = 1.0235, lr_0 = 6.0000e-04
Loss = 3.5553e-01, PNorm = 54.3038, GNorm = 0.8821, lr_0 = 5.9767e-04
Loss = 3.8645e-01, PNorm = 54.3334, GNorm = 3.5278, lr_0 = 5.9534e-04
Loss = 2.9623e-01, PNorm = 54.3528, GNorm = 1.6242, lr_0 = 5.9302e-04
Loss = 4.2716e-01, PNorm = 54.3746, GNorm = 1.6052, lr_0 = 5.9070e-04
Loss = 4.3887e-01, PNorm = 54.4068, GNorm = 2.3738, lr_0 = 5.8840e-04
Loss = 3.7379e-01, PNorm = 54.4285, GNorm = 1.9632, lr_0 = 5.8611e-04
Loss = 4.1297e-01, PNorm = 54.4448, GNorm = 1.2519, lr_0 = 5.8382e-04
Loss = 3.2079e-01, PNorm = 54.4635, GNorm = 5.4324, lr_0 = 5.8155e-04
Loss = 3.7180e-01, PNorm = 54.4865, GNorm = 2.2683, lr_0 = 5.7928e-04
Loss = 4.1684e-01, PNorm = 54.5056, GNorm = 4.2932, lr_0 = 5.7702e-04
Loss = 4.5905e-01, PNorm = 54.5241, GNorm = 3.4256, lr_0 = 5.7478e-04
Loss = 4.2956e-01, PNorm = 54.5496, GNorm = 1.6807, lr_0 = 5.7253e-04
Loss = 3.2747e-01, PNorm = 54.5755, GNorm = 1.7053, lr_0 = 5.7030e-04
Loss = 3.7028e-01, PNorm = 54.5963, GNorm = 3.5972, lr_0 = 5.6808e-04
Loss = 5.1725e-01, PNorm = 54.6298, GNorm = 2.0209, lr_0 = 5.6587e-04
Loss = 3.2481e-01, PNorm = 54.6562, GNorm = 1.1518, lr_0 = 5.6366e-04
Loss = 5.1045e-01, PNorm = 54.6789, GNorm = 3.7193, lr_0 = 5.6146e-04
Validation rmse = 1.219107
Epoch 4
Loss = 3.6060e-01, PNorm = 54.7002, GNorm = 1.5093, lr_0 = 5.5928e-04
Loss = 5.0237e-01, PNorm = 54.7184, GNorm = 2.4039, lr_0 = 5.5710e-04
Loss = 4.6269e-01, PNorm = 54.7353, GNorm = 1.2643, lr_0 = 5.5492e-04
Loss = 3.0436e-01, PNorm = 54.7489, GNorm = 0.8446, lr_0 = 5.5276e-04
Loss = 4.5244e-01, PNorm = 54.7648, GNorm = 1.0306, lr_0 = 5.5061e-04
Loss = 4.4575e-01, PNorm = 54.7845, GNorm = 1.7309, lr_0 = 5.4846e-04
Loss = 4.1344e-01, PNorm = 54.8006, GNorm = 1.7845, lr_0 = 5.4632e-04
Loss = 2.9056e-01, PNorm = 54.8135, GNorm = 1.9666, lr_0 = 5.4419e-04
Loss = 3.6583e-01, PNorm = 54.8302, GNorm = 1.0819, lr_0 = 5.4207e-04
Loss = 3.8865e-01, PNorm = 54.8469, GNorm = 1.2023, lr_0 = 5.3996e-04
Loss = 3.5107e-01, PNorm = 54.8691, GNorm = 1.2020, lr_0 = 5.3785e-04
Loss = 5.0657e-01, PNorm = 54.8968, GNorm = 1.7097, lr_0 = 5.3576e-04
Loss = 3.8890e-01, PNorm = 54.9193, GNorm = 2.0724, lr_0 = 5.3367e-04
Loss = 3.3760e-01, PNorm = 54.9409, GNorm = 1.5680, lr_0 = 5.3159e-04
Loss = 3.3072e-01, PNorm = 54.9640, GNorm = 0.7288, lr_0 = 5.2952e-04
Loss = 2.9214e-01, PNorm = 54.9869, GNorm = 0.9830, lr_0 = 5.2745e-04
Loss = 4.4262e-01, PNorm = 55.0107, GNorm = 4.6564, lr_0 = 5.2540e-04
Loss = 3.9122e-01, PNorm = 55.0330, GNorm = 1.2924, lr_0 = 5.2335e-04
Loss = 3.2234e-01, PNorm = 55.0549, GNorm = 1.1555, lr_0 = 5.2131e-04
Loss = 3.3754e-01, PNorm = 55.0739, GNorm = 2.0924, lr_0 = 5.1928e-04
Loss = 3.8254e-01, PNorm = 55.0923, GNorm = 2.1070, lr_0 = 5.1725e-04
Loss = 3.6468e-01, PNorm = 55.1176, GNorm = 0.6703, lr_0 = 5.1524e-04
Loss = 4.2153e-01, PNorm = 55.1418, GNorm = 1.6783, lr_0 = 5.1323e-04
Loss = 3.3039e-01, PNorm = 55.1535, GNorm = 2.0837, lr_0 = 5.1123e-04
Loss = 3.7219e-01, PNorm = 55.1707, GNorm = 0.9829, lr_0 = 5.0924e-04
Loss = 3.0904e-01, PNorm = 55.1875, GNorm = 5.6234, lr_0 = 5.0725e-04
Loss = 3.2887e-01, PNorm = 55.2067, GNorm = 3.5702, lr_0 = 5.0528e-04
Loss = 3.4169e-01, PNorm = 55.2327, GNorm = 1.2031, lr_0 = 5.0331e-04
Loss = 3.0713e-01, PNorm = 55.2526, GNorm = 3.5417, lr_0 = 5.0134e-04
Loss = 4.0624e-01, PNorm = 55.2743, GNorm = 1.5168, lr_0 = 4.9939e-04
Loss = 3.6981e-01, PNorm = 55.2954, GNorm = 1.6856, lr_0 = 4.9744e-04
Loss = 3.9988e-01, PNorm = 55.3098, GNorm = 1.9084, lr_0 = 4.9550e-04
Loss = 3.9641e-01, PNorm = 55.3257, GNorm = 2.6696, lr_0 = 4.9357e-04
Loss = 4.1796e-01, PNorm = 55.3413, GNorm = 1.2686, lr_0 = 4.9165e-04
Loss = 4.2080e-01, PNorm = 55.3587, GNorm = 1.1653, lr_0 = 4.8973e-04
Loss = 3.7826e-01, PNorm = 55.3764, GNorm = 1.7497, lr_0 = 4.8782e-04
Loss = 3.3879e-01, PNorm = 55.3942, GNorm = 0.6672, lr_0 = 4.8592e-04
Loss = 4.6727e-01, PNorm = 55.4097, GNorm = 1.0081, lr_0 = 4.8403e-04
Loss = 3.4084e-01, PNorm = 55.4216, GNorm = 1.0470, lr_0 = 4.8214e-04
Loss = 3.8877e-01, PNorm = 55.4352, GNorm = 0.9630, lr_0 = 4.8026e-04
Loss = 3.8384e-01, PNorm = 55.4433, GNorm = 1.2200, lr_0 = 4.7839e-04
Loss = 3.1733e-01, PNorm = 55.4570, GNorm = 0.9571, lr_0 = 4.7653e-04
Loss = 3.5825e-01, PNorm = 55.4704, GNorm = 1.4863, lr_0 = 4.7467e-04
Loss = 4.1542e-01, PNorm = 55.4814, GNorm = 3.1332, lr_0 = 4.7282e-04
Loss = 3.7393e-01, PNorm = 55.4894, GNorm = 2.5261, lr_0 = 4.7098e-04
Loss = 3.0596e-01, PNorm = 55.5029, GNorm = 0.7826, lr_0 = 4.6914e-04
Loss = 3.3075e-01, PNorm = 55.5146, GNorm = 1.5635, lr_0 = 4.6731e-04
Loss = 2.9857e-01, PNorm = 55.5303, GNorm = 1.2259, lr_0 = 4.6549e-04
Loss = 4.9517e-01, PNorm = 55.5498, GNorm = 1.6808, lr_0 = 4.6368e-04
Loss = 4.2519e-01, PNorm = 55.5733, GNorm = 2.8771, lr_0 = 4.6187e-04
Loss = 4.3966e-01, PNorm = 55.5907, GNorm = 3.2583, lr_0 = 4.6007e-04
Loss = 2.6256e-01, PNorm = 55.6085, GNorm = 2.0025, lr_0 = 4.5828e-04
Loss = 4.4800e-01, PNorm = 55.6260, GNorm = 3.4969, lr_0 = 4.5649e-04
Loss = 3.9000e-01, PNorm = 55.6464, GNorm = 0.8030, lr_0 = 4.5471e-04
Loss = 3.4200e-01, PNorm = 55.6693, GNorm = 2.0925, lr_0 = 4.5294e-04
Loss = 4.8224e-01, PNorm = 55.6861, GNorm = 2.1153, lr_0 = 4.5117e-04
Loss = 4.0091e-01, PNorm = 55.7053, GNorm = 2.9329, lr_0 = 4.4941e-04
Loss = 2.9984e-01, PNorm = 55.7160, GNorm = 2.1907, lr_0 = 4.4766e-04
Loss = 3.2062e-01, PNorm = 55.7312, GNorm = 0.9595, lr_0 = 4.4592e-04
Loss = 3.7353e-01, PNorm = 55.7449, GNorm = 1.0720, lr_0 = 4.4418e-04
Loss = 3.6824e-01, PNorm = 55.7523, GNorm = 2.3661, lr_0 = 4.4245e-04
Loss = 3.9596e-01, PNorm = 55.7673, GNorm = 4.1614, lr_0 = 4.4072e-04
Loss = 3.6842e-01, PNorm = 55.7842, GNorm = 0.8504, lr_0 = 4.3901e-04
Loss = 4.2737e-01, PNorm = 55.8052, GNorm = 1.5348, lr_0 = 4.3729e-04
Loss = 5.1116e-01, PNorm = 55.8260, GNorm = 2.3670, lr_0 = 4.3559e-04
Loss = 3.3609e-01, PNorm = 55.8493, GNorm = 2.0179, lr_0 = 4.3389e-04
Loss = 3.6702e-01, PNorm = 55.8607, GNorm = 1.1515, lr_0 = 4.3220e-04
Loss = 3.4294e-01, PNorm = 55.8706, GNorm = 1.5454, lr_0 = 4.3052e-04
Loss = 3.2012e-01, PNorm = 55.8818, GNorm = 1.6889, lr_0 = 4.2884e-04
Loss = 3.0344e-01, PNorm = 55.8962, GNorm = 2.0171, lr_0 = 4.2717e-04
Loss = 4.4418e-01, PNorm = 55.9136, GNorm = 1.2725, lr_0 = 4.2550e-04
Loss = 3.5789e-01, PNorm = 55.9297, GNorm = 1.0018, lr_0 = 4.2384e-04
Loss = 2.7736e-01, PNorm = 55.9421, GNorm = 0.9018, lr_0 = 4.2219e-04
Validation rmse = 1.165132
Epoch 5
Loss = 5.6171e-01, PNorm = 55.9626, GNorm = 2.6160, lr_0 = 4.2055e-04
Loss = 3.3882e-01, PNorm = 55.9820, GNorm = 1.9448, lr_0 = 4.1891e-04
Loss = 3.2802e-01, PNorm = 55.9971, GNorm = 1.6297, lr_0 = 4.1727e-04
Loss = 3.0665e-01, PNorm = 56.0132, GNorm = 0.8808, lr_0 = 4.1565e-04
Loss = 3.8086e-01, PNorm = 56.0241, GNorm = 1.4738, lr_0 = 4.1403e-04
Loss = 2.9692e-01, PNorm = 56.0369, GNorm = 1.3353, lr_0 = 4.1241e-04
Loss = 2.9021e-01, PNorm = 56.0484, GNorm = 3.8453, lr_0 = 4.1081e-04
Loss = 4.0856e-01, PNorm = 56.0670, GNorm = 2.5433, lr_0 = 4.0920e-04
Loss = 3.1643e-01, PNorm = 56.0866, GNorm = 2.0784, lr_0 = 4.0761e-04
Loss = 3.9565e-01, PNorm = 56.1008, GNorm = 1.2419, lr_0 = 4.0602e-04
Loss = 2.8510e-01, PNorm = 56.1184, GNorm = 1.2234, lr_0 = 4.0444e-04
Loss = 4.7546e-01, PNorm = 56.1307, GNorm = 0.8569, lr_0 = 4.0286e-04
Loss = 3.6643e-01, PNorm = 56.1429, GNorm = 2.1110, lr_0 = 4.0129e-04
Loss = 3.2948e-01, PNorm = 56.1547, GNorm = 2.2887, lr_0 = 3.9973e-04
Loss = 2.9551e-01, PNorm = 56.1670, GNorm = 1.8506, lr_0 = 3.9817e-04
Loss = 2.8373e-01, PNorm = 56.1778, GNorm = 0.7286, lr_0 = 3.9662e-04
Loss = 2.7721e-01, PNorm = 56.1858, GNorm = 2.6698, lr_0 = 3.9507e-04
Loss = 3.2268e-01, PNorm = 56.1970, GNorm = 2.0916, lr_0 = 3.9353e-04
Loss = 3.3019e-01, PNorm = 56.2104, GNorm = 0.7098, lr_0 = 3.9200e-04
Loss = 4.0696e-01, PNorm = 56.2237, GNorm = 2.5423, lr_0 = 3.9047e-04
Loss = 3.6094e-01, PNorm = 56.2380, GNorm = 2.1120, lr_0 = 3.8895e-04
Loss = 4.3023e-01, PNorm = 56.2467, GNorm = 1.6376, lr_0 = 3.8743e-04
Loss = 2.7210e-01, PNorm = 56.2591, GNorm = 3.0415, lr_0 = 3.8592e-04
Loss = 4.0425e-01, PNorm = 56.2733, GNorm = 1.9616, lr_0 = 3.8442e-04
Loss = 3.1606e-01, PNorm = 56.2889, GNorm = 1.9277, lr_0 = 3.8292e-04
Loss = 3.2087e-01, PNorm = 56.3048, GNorm = 2.3020, lr_0 = 3.8143e-04
Loss = 4.4389e-01, PNorm = 56.3172, GNorm = 1.5408, lr_0 = 3.7994e-04
Loss = 3.0278e-01, PNorm = 56.3298, GNorm = 2.0241, lr_0 = 3.7846e-04
Loss = 3.8398e-01, PNorm = 56.3415, GNorm = 2.3641, lr_0 = 3.7698e-04
Loss = 2.6556e-01, PNorm = 56.3516, GNorm = 1.1298, lr_0 = 3.7551e-04
Loss = 3.3435e-01, PNorm = 56.3623, GNorm = 1.1199, lr_0 = 3.7405e-04
Loss = 3.6226e-01, PNorm = 56.3725, GNorm = 2.1376, lr_0 = 3.7259e-04
Loss = 3.6240e-01, PNorm = 56.3804, GNorm = 1.8240, lr_0 = 3.7114e-04
Loss = 3.4441e-01, PNorm = 56.3902, GNorm = 1.8862, lr_0 = 3.6969e-04
Loss = 2.6939e-01, PNorm = 56.4022, GNorm = 1.8132, lr_0 = 3.6825e-04
Loss = 4.3109e-01, PNorm = 56.4151, GNorm = 1.8524, lr_0 = 3.6682e-04
Loss = 3.7641e-01, PNorm = 56.4308, GNorm = 3.2078, lr_0 = 3.6539e-04
Loss = 4.4649e-01, PNorm = 56.4479, GNorm = 1.2333, lr_0 = 3.6396e-04
Loss = 3.9405e-01, PNorm = 56.4616, GNorm = 2.0765, lr_0 = 3.6255e-04
Loss = 4.1960e-01, PNorm = 56.4801, GNorm = 1.1880, lr_0 = 3.6113e-04
Loss = 3.7507e-01, PNorm = 56.5000, GNorm = 4.2727, lr_0 = 3.5972e-04
Loss = 3.5689e-01, PNorm = 56.5165, GNorm = 1.5691, lr_0 = 3.5832e-04
Loss = 3.4595e-01, PNorm = 56.5281, GNorm = 2.7594, lr_0 = 3.5693e-04
Loss = 3.4832e-01, PNorm = 56.5340, GNorm = 1.5758, lr_0 = 3.5553e-04
Loss = 4.1160e-01, PNorm = 56.5448, GNorm = 1.8601, lr_0 = 3.5415e-04
Loss = 2.5672e-01, PNorm = 56.5573, GNorm = 0.8629, lr_0 = 3.5277e-04
Loss = 4.1084e-01, PNorm = 56.5692, GNorm = 3.8119, lr_0 = 3.5139e-04
Loss = 3.4259e-01, PNorm = 56.5832, GNorm = 2.1923, lr_0 = 3.5002e-04
Loss = 3.4757e-01, PNorm = 56.5952, GNorm = 1.2287, lr_0 = 3.4866e-04
Loss = 2.8731e-01, PNorm = 56.6047, GNorm = 1.2359, lr_0 = 3.4730e-04
Loss = 3.6812e-01, PNorm = 56.6127, GNorm = 1.3022, lr_0 = 3.4595e-04
Loss = 4.5670e-01, PNorm = 56.6240, GNorm = 1.8430, lr_0 = 3.4460e-04
Loss = 3.2610e-01, PNorm = 56.6350, GNorm = 1.2710, lr_0 = 3.4326e-04
Loss = 3.6066e-01, PNorm = 56.6452, GNorm = 0.9687, lr_0 = 3.4192e-04
Loss = 3.5916e-01, PNorm = 56.6549, GNorm = 0.8978, lr_0 = 3.4058e-04
Loss = 2.9270e-01, PNorm = 56.6649, GNorm = 0.7470, lr_0 = 3.3926e-04
Loss = 3.3169e-01, PNorm = 56.6722, GNorm = 1.1397, lr_0 = 3.3793e-04
Loss = 3.2471e-01, PNorm = 56.6805, GNorm = 4.5616, lr_0 = 3.3662e-04
Loss = 2.9918e-01, PNorm = 56.6894, GNorm = 2.4160, lr_0 = 3.3531e-04
Loss = 3.3815e-01, PNorm = 56.6960, GNorm = 1.5208, lr_0 = 3.3400e-04
Loss = 3.7985e-01, PNorm = 56.7036, GNorm = 4.3170, lr_0 = 3.3270e-04
Loss = 3.5262e-01, PNorm = 56.7129, GNorm = 1.2852, lr_0 = 3.3140e-04
Loss = 3.2781e-01, PNorm = 56.7219, GNorm = 1.8886, lr_0 = 3.3011e-04
Loss = 3.3366e-01, PNorm = 56.7301, GNorm = 0.8653, lr_0 = 3.2882e-04
Loss = 3.3461e-01, PNorm = 56.7372, GNorm = 1.5354, lr_0 = 3.2754e-04
Loss = 4.1657e-01, PNorm = 56.7466, GNorm = 1.5160, lr_0 = 3.2626e-04
Loss = 3.8339e-01, PNorm = 56.7571, GNorm = 1.5035, lr_0 = 3.2499e-04
Loss = 3.3222e-01, PNorm = 56.7739, GNorm = 3.1674, lr_0 = 3.2373e-04
Loss = 2.2893e-01, PNorm = 56.7862, GNorm = 0.9158, lr_0 = 3.2246e-04
Loss = 2.4632e-01, PNorm = 56.7941, GNorm = 1.7686, lr_0 = 3.2121e-04
Loss = 4.5947e-01, PNorm = 56.8015, GNorm = 2.1742, lr_0 = 3.1995e-04
Loss = 4.6606e-01, PNorm = 56.8110, GNorm = 1.6837, lr_0 = 3.1871e-04
Loss = 4.4713e-01, PNorm = 56.8223, GNorm = 1.8520, lr_0 = 3.1747e-04
Loss = 2.9107e-01, PNorm = 56.8366, GNorm = 1.2427, lr_0 = 3.1623e-04
Validation rmse = 1.113333
Epoch 6
Loss = 3.9317e-01, PNorm = 56.8503, GNorm = 0.7989, lr_0 = 3.1500e-04
Loss = 3.5673e-01, PNorm = 56.8694, GNorm = 1.9593, lr_0 = 3.1377e-04
Loss = 2.6581e-01, PNorm = 56.8757, GNorm = 0.7246, lr_0 = 3.1254e-04
Loss = 3.0807e-01, PNorm = 56.8819, GNorm = 2.6845, lr_0 = 3.1133e-04
Loss = 4.7382e-01, PNorm = 56.8874, GNorm = 1.8756, lr_0 = 3.1011e-04
Loss = 3.3290e-01, PNorm = 56.8964, GNorm = 1.1052, lr_0 = 3.0890e-04
Loss = 2.4256e-01, PNorm = 56.9085, GNorm = 1.4219, lr_0 = 3.0770e-04
Loss = 4.2659e-01, PNorm = 56.9200, GNorm = 0.9631, lr_0 = 3.0650e-04
Loss = 3.8705e-01, PNorm = 56.9249, GNorm = 1.5203, lr_0 = 3.0531e-04
Loss = 3.2760e-01, PNorm = 56.9296, GNorm = 1.8072, lr_0 = 3.0412e-04
Loss = 2.8439e-01, PNorm = 56.9414, GNorm = 1.8349, lr_0 = 3.0293e-04
Loss = 3.0133e-01, PNorm = 56.9498, GNorm = 0.7981, lr_0 = 3.0175e-04
Loss = 2.9092e-01, PNorm = 56.9524, GNorm = 2.8957, lr_0 = 3.0057e-04
Loss = 3.7927e-01, PNorm = 56.9591, GNorm = 1.4978, lr_0 = 2.9940e-04
Loss = 3.6780e-01, PNorm = 56.9704, GNorm = 1.8294, lr_0 = 2.9824e-04
Loss = 2.6689e-01, PNorm = 56.9769, GNorm = 1.3626, lr_0 = 2.9707e-04
Loss = 3.2773e-01, PNorm = 56.9826, GNorm = 1.8353, lr_0 = 2.9591e-04
Loss = 2.8496e-01, PNorm = 56.9862, GNorm = 1.6644, lr_0 = 2.9476e-04
Loss = 2.8272e-01, PNorm = 56.9932, GNorm = 2.5990, lr_0 = 2.9361e-04
Loss = 4.6612e-01, PNorm = 57.0020, GNorm = 2.4859, lr_0 = 2.9247e-04
Loss = 3.8240e-01, PNorm = 57.0133, GNorm = 0.6940, lr_0 = 2.9133e-04
Loss = 3.2654e-01, PNorm = 57.0215, GNorm = 2.4591, lr_0 = 2.9019e-04
Loss = 4.2616e-01, PNorm = 57.0320, GNorm = 1.9163, lr_0 = 2.8906e-04
Loss = 3.6859e-01, PNorm = 57.0383, GNorm = 1.9055, lr_0 = 2.8793e-04
Loss = 2.9757e-01, PNorm = 57.0450, GNorm = 0.8595, lr_0 = 2.8681e-04
Loss = 2.6951e-01, PNorm = 57.0551, GNorm = 0.9727, lr_0 = 2.8569e-04
Loss = 3.5922e-01, PNorm = 57.0675, GNorm = 0.6649, lr_0 = 2.8458e-04
Loss = 3.7052e-01, PNorm = 57.0806, GNorm = 1.6755, lr_0 = 2.8347e-04
Loss = 3.5177e-01, PNorm = 57.0929, GNorm = 1.9008, lr_0 = 2.8237e-04
Loss = 4.1503e-01, PNorm = 57.1036, GNorm = 0.9520, lr_0 = 2.8127e-04
Loss = 3.3759e-01, PNorm = 57.1125, GNorm = 1.3644, lr_0 = 2.8017e-04
Loss = 2.7898e-01, PNorm = 57.1219, GNorm = 0.8754, lr_0 = 2.7908e-04
Loss = 2.7640e-01, PNorm = 57.1272, GNorm = 0.9364, lr_0 = 2.7799e-04
Loss = 2.3506e-01, PNorm = 57.1354, GNorm = 1.2468, lr_0 = 2.7691e-04
Loss = 2.6112e-01, PNorm = 57.1458, GNorm = 1.1844, lr_0 = 2.7583e-04
Loss = 3.1876e-01, PNorm = 57.1550, GNorm = 1.2098, lr_0 = 2.7475e-04
Loss = 3.8249e-01, PNorm = 57.1615, GNorm = 0.8382, lr_0 = 2.7368e-04
Loss = 2.9356e-01, PNorm = 57.1679, GNorm = 1.3089, lr_0 = 2.7261e-04
Loss = 4.0533e-01, PNorm = 57.1768, GNorm = 3.2340, lr_0 = 2.7155e-04
Loss = 3.2918e-01, PNorm = 57.1875, GNorm = 2.0641, lr_0 = 2.7049e-04
Loss = 3.6620e-01, PNorm = 57.1952, GNorm = 2.7985, lr_0 = 2.6944e-04
Loss = 3.7540e-01, PNorm = 57.2042, GNorm = 1.8307, lr_0 = 2.6839e-04
Loss = 2.5857e-01, PNorm = 57.2141, GNorm = 1.2800, lr_0 = 2.6734e-04
Loss = 3.1989e-01, PNorm = 57.2279, GNorm = 1.2595, lr_0 = 2.6630e-04
Loss = 3.3952e-01, PNorm = 57.2366, GNorm = 1.3505, lr_0 = 2.6526e-04
Loss = 2.8095e-01, PNorm = 57.2418, GNorm = 0.8850, lr_0 = 2.6423e-04
Loss = 4.1607e-01, PNorm = 57.2452, GNorm = 2.8896, lr_0 = 2.6320e-04
Loss = 3.0327e-01, PNorm = 57.2511, GNorm = 1.6400, lr_0 = 2.6217e-04
Loss = 2.3534e-01, PNorm = 57.2549, GNorm = 0.6988, lr_0 = 2.6115e-04
Loss = 3.4765e-01, PNorm = 57.2622, GNorm = 2.9921, lr_0 = 2.6013e-04
Loss = 3.5907e-01, PNorm = 57.2721, GNorm = 3.5930, lr_0 = 2.5912e-04
Loss = 2.3359e-01, PNorm = 57.2843, GNorm = 1.5826, lr_0 = 2.5811e-04
Loss = 4.1529e-01, PNorm = 57.2963, GNorm = 1.3156, lr_0 = 2.5710e-04
Loss = 2.7509e-01, PNorm = 57.3027, GNorm = 0.9633, lr_0 = 2.5610e-04
Loss = 2.6187e-01, PNorm = 57.3062, GNorm = 1.0473, lr_0 = 2.5510e-04
Loss = 3.5984e-01, PNorm = 57.3105, GNorm = 2.4100, lr_0 = 2.5411e-04
Loss = 2.7658e-01, PNorm = 57.3129, GNorm = 1.2148, lr_0 = 2.5312e-04
Loss = 3.1670e-01, PNorm = 57.3231, GNorm = 1.1553, lr_0 = 2.5213e-04
Loss = 3.3622e-01, PNorm = 57.3314, GNorm = 1.8189, lr_0 = 2.5115e-04
Loss = 3.5508e-01, PNorm = 57.3415, GNorm = 1.7461, lr_0 = 2.5017e-04
Loss = 3.1577e-01, PNorm = 57.3498, GNorm = 1.9404, lr_0 = 2.4920e-04
Loss = 4.1969e-01, PNorm = 57.3568, GNorm = 1.1587, lr_0 = 2.4822e-04
Loss = 3.2604e-01, PNorm = 57.3638, GNorm = 2.5240, lr_0 = 2.4726e-04
Loss = 3.3896e-01, PNorm = 57.3677, GNorm = 1.8299, lr_0 = 2.4629e-04
Loss = 2.7985e-01, PNorm = 57.3728, GNorm = 0.5608, lr_0 = 2.4533e-04
Loss = 2.8543e-01, PNorm = 57.3791, GNorm = 1.4478, lr_0 = 2.4438e-04
Loss = 2.9875e-01, PNorm = 57.3833, GNorm = 0.8990, lr_0 = 2.4342e-04
Loss = 3.1753e-01, PNorm = 57.3916, GNorm = 2.2505, lr_0 = 2.4248e-04
Loss = 3.0218e-01, PNorm = 57.4020, GNorm = 1.2057, lr_0 = 2.4153e-04
Loss = 4.0393e-01, PNorm = 57.4105, GNorm = 0.9975, lr_0 = 2.4059e-04
Loss = 3.9929e-01, PNorm = 57.4184, GNorm = 2.0043, lr_0 = 2.3965e-04
Loss = 3.8568e-01, PNorm = 57.4268, GNorm = 0.9310, lr_0 = 2.3872e-04
Loss = 3.7495e-01, PNorm = 57.4349, GNorm = 2.0582, lr_0 = 2.3779e-04
Loss = 3.1595e-01, PNorm = 57.4407, GNorm = 1.3028, lr_0 = 2.3686e-04
Validation rmse = 1.161052
Epoch 7
Loss = 4.9491e-01, PNorm = 57.4474, GNorm = 3.1609, lr_0 = 2.3594e-04
Loss = 3.0082e-01, PNorm = 57.4542, GNorm = 0.7591, lr_0 = 2.3502e-04
Loss = 2.6024e-01, PNorm = 57.4591, GNorm = 0.9181, lr_0 = 2.3410e-04
Loss = 3.5409e-01, PNorm = 57.4622, GNorm = 2.7336, lr_0 = 2.3319e-04
Loss = 2.4549e-01, PNorm = 57.4697, GNorm = 1.8492, lr_0 = 2.3228e-04
Loss = 3.3989e-01, PNorm = 57.4755, GNorm = 0.6157, lr_0 = 2.3137e-04
Loss = 3.1741e-01, PNorm = 57.4799, GNorm = 2.4204, lr_0 = 2.3047e-04
Loss = 2.6765e-01, PNorm = 57.4845, GNorm = 0.7497, lr_0 = 2.2957e-04
Loss = 3.9445e-01, PNorm = 57.4915, GNorm = 1.8062, lr_0 = 2.2868e-04
Loss = 3.1239e-01, PNorm = 57.5015, GNorm = 1.8984, lr_0 = 2.2779e-04
Loss = 3.1249e-01, PNorm = 57.5108, GNorm = 1.8643, lr_0 = 2.2690e-04
Loss = 3.4448e-01, PNorm = 57.5192, GNorm = 1.3857, lr_0 = 2.2602e-04
Loss = 4.3027e-01, PNorm = 57.5255, GNorm = 2.3901, lr_0 = 2.2513e-04
Loss = 3.1136e-01, PNorm = 57.5303, GNorm = 1.3577, lr_0 = 2.2426e-04
Loss = 2.9145e-01, PNorm = 57.5341, GNorm = 1.3732, lr_0 = 2.2338e-04
Loss = 2.7347e-01, PNorm = 57.5389, GNorm = 1.9752, lr_0 = 2.2251e-04
Loss = 3.6375e-01, PNorm = 57.5463, GNorm = 1.9860, lr_0 = 2.2165e-04
Loss = 3.6464e-01, PNorm = 57.5515, GNorm = 1.2882, lr_0 = 2.2078e-04
Loss = 4.5908e-01, PNorm = 57.5588, GNorm = 0.9239, lr_0 = 2.1992e-04
Loss = 3.7868e-01, PNorm = 57.5653, GNorm = 1.5412, lr_0 = 2.1906e-04
Loss = 2.9514e-01, PNorm = 57.5720, GNorm = 0.9145, lr_0 = 2.1821e-04
Loss = 3.2295e-01, PNorm = 57.5789, GNorm = 1.5877, lr_0 = 2.1736e-04
Loss = 3.0223e-01, PNorm = 57.5866, GNorm = 0.9233, lr_0 = 2.1651e-04
Loss = 2.3162e-01, PNorm = 57.5916, GNorm = 1.3774, lr_0 = 2.1567e-04
Loss = 3.5516e-01, PNorm = 57.5956, GNorm = 0.8391, lr_0 = 2.1483e-04
Loss = 2.6886e-01, PNorm = 57.6003, GNorm = 0.6985, lr_0 = 2.1399e-04
Loss = 3.1873e-01, PNorm = 57.6069, GNorm = 0.8846, lr_0 = 2.1316e-04
Loss = 3.0897e-01, PNorm = 57.6121, GNorm = 1.2423, lr_0 = 2.1233e-04
Loss = 2.5255e-01, PNorm = 57.6185, GNorm = 0.8633, lr_0 = 2.1150e-04
Loss = 3.2525e-01, PNorm = 57.6234, GNorm = 3.5077, lr_0 = 2.1067e-04
Loss = 3.6227e-01, PNorm = 57.6266, GNorm = 2.1742, lr_0 = 2.0985e-04
Loss = 3.2102e-01, PNorm = 57.6301, GNorm = 0.8453, lr_0 = 2.0903e-04
Loss = 3.6102e-01, PNorm = 57.6353, GNorm = 2.7431, lr_0 = 2.0822e-04
Loss = 3.3669e-01, PNorm = 57.6417, GNorm = 0.7291, lr_0 = 2.0741e-04
Loss = 3.2706e-01, PNorm = 57.6480, GNorm = 1.9890, lr_0 = 2.0660e-04
Loss = 2.9196e-01, PNorm = 57.6565, GNorm = 1.5514, lr_0 = 2.0579e-04
Loss = 2.4992e-01, PNorm = 57.6617, GNorm = 0.8317, lr_0 = 2.0499e-04
Loss = 3.5448e-01, PNorm = 57.6666, GNorm = 2.2409, lr_0 = 2.0419e-04
Loss = 3.5967e-01, PNorm = 57.6753, GNorm = 2.5018, lr_0 = 2.0340e-04
Loss = 2.2126e-01, PNorm = 57.6824, GNorm = 0.5389, lr_0 = 2.0260e-04
Loss = 3.2270e-01, PNorm = 57.6873, GNorm = 1.0743, lr_0 = 2.0181e-04
Loss = 2.9328e-01, PNorm = 57.6895, GNorm = 1.5685, lr_0 = 2.0103e-04
Loss = 3.5796e-01, PNorm = 57.6932, GNorm = 1.6485, lr_0 = 2.0024e-04
Loss = 4.4428e-01, PNorm = 57.6960, GNorm = 1.1585, lr_0 = 1.9946e-04
Loss = 3.7863e-01, PNorm = 57.6989, GNorm = 2.0387, lr_0 = 1.9869e-04
Loss = 3.6749e-01, PNorm = 57.7024, GNorm = 3.6885, lr_0 = 1.9791e-04
Loss = 2.7848e-01, PNorm = 57.7077, GNorm = 0.9839, lr_0 = 1.9714e-04
Loss = 2.8347e-01, PNorm = 57.7153, GNorm = 2.0901, lr_0 = 1.9637e-04
Loss = 2.4480e-01, PNorm = 57.7208, GNorm = 1.1946, lr_0 = 1.9561e-04
Loss = 3.7687e-01, PNorm = 57.7269, GNorm = 1.8830, lr_0 = 1.9484e-04
Loss = 2.7809e-01, PNorm = 57.7318, GNorm = 0.7976, lr_0 = 1.9408e-04
Loss = 4.2256e-01, PNorm = 57.7350, GNorm = 1.3539, lr_0 = 1.9333e-04
Loss = 2.8755e-01, PNorm = 57.7387, GNorm = 1.3397, lr_0 = 1.9257e-04
Loss = 3.6739e-01, PNorm = 57.7455, GNorm = 1.1684, lr_0 = 1.9182e-04
Loss = 3.7095e-01, PNorm = 57.7524, GNorm = 2.9944, lr_0 = 1.9108e-04
Loss = 3.1827e-01, PNorm = 57.7610, GNorm = 1.1748, lr_0 = 1.9033e-04
Loss = 2.5640e-01, PNorm = 57.7690, GNorm = 4.0344, lr_0 = 1.8959e-04
Loss = 3.5856e-01, PNorm = 57.7734, GNorm = 0.6737, lr_0 = 1.8885e-04
Loss = 2.1632e-01, PNorm = 57.7772, GNorm = 1.0215, lr_0 = 1.8811e-04
Loss = 2.6467e-01, PNorm = 57.7821, GNorm = 0.9656, lr_0 = 1.8738e-04
Loss = 3.1268e-01, PNorm = 57.7865, GNorm = 1.0740, lr_0 = 1.8665e-04
Loss = 3.5006e-01, PNorm = 57.7894, GNorm = 1.0531, lr_0 = 1.8592e-04
Loss = 3.1404e-01, PNorm = 57.7931, GNorm = 1.2801, lr_0 = 1.8520e-04
Loss = 2.1154e-01, PNorm = 57.7984, GNorm = 1.2168, lr_0 = 1.8448e-04
Loss = 3.6115e-01, PNorm = 57.8062, GNorm = 1.4700, lr_0 = 1.8376e-04
Loss = 3.0471e-01, PNorm = 57.8123, GNorm = 1.7078, lr_0 = 1.8304e-04
Loss = 3.1020e-01, PNorm = 57.8178, GNorm = 2.3634, lr_0 = 1.8233e-04
Loss = 2.7101e-01, PNorm = 57.8236, GNorm = 1.2038, lr_0 = 1.8162e-04
Loss = 3.0919e-01, PNorm = 57.8287, GNorm = 1.6223, lr_0 = 1.8091e-04
Loss = 3.4724e-01, PNorm = 57.8334, GNorm = 1.3837, lr_0 = 1.8020e-04
Loss = 3.3007e-01, PNorm = 57.8382, GNorm = 1.3532, lr_0 = 1.7950e-04
Loss = 2.7700e-01, PNorm = 57.8462, GNorm = 0.6765, lr_0 = 1.7880e-04
Loss = 3.4762e-01, PNorm = 57.8544, GNorm = 4.4851, lr_0 = 1.7811e-04
Loss = 3.6377e-01, PNorm = 57.8620, GNorm = 1.3759, lr_0 = 1.7741e-04
Validation rmse = 1.089216
Epoch 8
Loss = 2.9306e-01, PNorm = 57.8683, GNorm = 2.0991, lr_0 = 1.7672e-04
Loss = 2.7077e-01, PNorm = 57.8718, GNorm = 1.0778, lr_0 = 1.7603e-04
Loss = 3.5097e-01, PNorm = 57.8745, GNorm = 1.2180, lr_0 = 1.7535e-04
Loss = 3.0935e-01, PNorm = 57.8790, GNorm = 1.1366, lr_0 = 1.7466e-04
Loss = 3.0834e-01, PNorm = 57.8816, GNorm = 1.5615, lr_0 = 1.7398e-04
Loss = 2.6250e-01, PNorm = 57.8885, GNorm = 2.9745, lr_0 = 1.7330e-04
Loss = 2.7374e-01, PNorm = 57.8953, GNorm = 0.9754, lr_0 = 1.7263e-04
Loss = 3.4093e-01, PNorm = 57.9019, GNorm = 1.1849, lr_0 = 1.7195e-04
Loss = 4.6751e-01, PNorm = 57.9074, GNorm = 1.9091, lr_0 = 1.7128e-04
Loss = 3.2862e-01, PNorm = 57.9118, GNorm = 2.2437, lr_0 = 1.7062e-04
Loss = 2.6111e-01, PNorm = 57.9155, GNorm = 1.7141, lr_0 = 1.6995e-04
Loss = 3.2002e-01, PNorm = 57.9208, GNorm = 0.6462, lr_0 = 1.6929e-04
Loss = 2.2259e-01, PNorm = 57.9247, GNorm = 1.0714, lr_0 = 1.6863e-04
Loss = 4.7677e-01, PNorm = 57.9291, GNorm = 1.3093, lr_0 = 1.6797e-04
Loss = 3.9205e-01, PNorm = 57.9347, GNorm = 2.5649, lr_0 = 1.6732e-04
Loss = 2.8986e-01, PNorm = 57.9382, GNorm = 0.7579, lr_0 = 1.6667e-04
Loss = 2.4832e-01, PNorm = 57.9416, GNorm = 1.8009, lr_0 = 1.6602e-04
Loss = 2.8082e-01, PNorm = 57.9452, GNorm = 1.2769, lr_0 = 1.6537e-04
Loss = 3.5945e-01, PNorm = 57.9510, GNorm = 2.1892, lr_0 = 1.6472e-04
Loss = 2.2836e-01, PNorm = 57.9565, GNorm = 2.0583, lr_0 = 1.6408e-04
Loss = 2.5888e-01, PNorm = 57.9601, GNorm = 1.3502, lr_0 = 1.6344e-04
Loss = 2.8154e-01, PNorm = 57.9619, GNorm = 1.7391, lr_0 = 1.6281e-04
Loss = 4.2578e-01, PNorm = 57.9637, GNorm = 2.5795, lr_0 = 1.6217e-04
Loss = 2.8618e-01, PNorm = 57.9676, GNorm = 2.4252, lr_0 = 1.6154e-04
Loss = 3.2034e-01, PNorm = 57.9712, GNorm = 1.1154, lr_0 = 1.6091e-04
Loss = 3.0343e-01, PNorm = 57.9734, GNorm = 1.1435, lr_0 = 1.6028e-04
Loss = 3.1876e-01, PNorm = 57.9772, GNorm = 1.9907, lr_0 = 1.5966e-04
Loss = 3.3506e-01, PNorm = 57.9805, GNorm = 0.7202, lr_0 = 1.5903e-04
Loss = 3.2811e-01, PNorm = 57.9836, GNorm = 2.0842, lr_0 = 1.5842e-04
Loss = 2.7318e-01, PNorm = 57.9877, GNorm = 1.0207, lr_0 = 1.5780e-04
Loss = 3.7191e-01, PNorm = 57.9907, GNorm = 1.6689, lr_0 = 1.5718e-04
Loss = 2.7995e-01, PNorm = 57.9959, GNorm = 2.2610, lr_0 = 1.5657e-04
Loss = 3.8433e-01, PNorm = 57.9993, GNorm = 1.6528, lr_0 = 1.5596e-04
Loss = 2.8990e-01, PNorm = 58.0015, GNorm = 1.0360, lr_0 = 1.5535e-04
Loss = 3.3067e-01, PNorm = 58.0045, GNorm = 1.3588, lr_0 = 1.5475e-04
Loss = 2.9882e-01, PNorm = 58.0091, GNorm = 1.1257, lr_0 = 1.5414e-04
Loss = 3.4259e-01, PNorm = 58.0124, GNorm = 1.3774, lr_0 = 1.5354e-04
Loss = 2.9271e-01, PNorm = 58.0162, GNorm = 2.7311, lr_0 = 1.5294e-04
Loss = 3.3268e-01, PNorm = 58.0189, GNorm = 3.6557, lr_0 = 1.5235e-04
Loss = 2.7304e-01, PNorm = 58.0239, GNorm = 2.2485, lr_0 = 1.5175e-04
Loss = 2.5046e-01, PNorm = 58.0268, GNorm = 1.0231, lr_0 = 1.5116e-04
Loss = 3.8235e-01, PNorm = 58.0318, GNorm = 2.1947, lr_0 = 1.5057e-04
Loss = 2.7322e-01, PNorm = 58.0378, GNorm = 2.2146, lr_0 = 1.4999e-04
Loss = 1.8111e-01, PNorm = 58.0427, GNorm = 0.8083, lr_0 = 1.4940e-04
Loss = 2.8570e-01, PNorm = 58.0465, GNorm = 1.4082, lr_0 = 1.4882e-04
Loss = 2.6723e-01, PNorm = 58.0495, GNorm = 1.6091, lr_0 = 1.4824e-04
Loss = 2.9539e-01, PNorm = 58.0534, GNorm = 1.2782, lr_0 = 1.4766e-04
Loss = 3.1280e-01, PNorm = 58.0578, GNorm = 3.7158, lr_0 = 1.4709e-04
Loss = 3.1502e-01, PNorm = 58.0633, GNorm = 2.9067, lr_0 = 1.4651e-04
Loss = 3.1340e-01, PNorm = 58.0703, GNorm = 2.3387, lr_0 = 1.4594e-04
Loss = 2.5616e-01, PNorm = 58.0767, GNorm = 2.7226, lr_0 = 1.4537e-04
Loss = 2.6107e-01, PNorm = 58.0831, GNorm = 1.5926, lr_0 = 1.4481e-04
Loss = 2.8200e-01, PNorm = 58.0846, GNorm = 0.9926, lr_0 = 1.4424e-04
Loss = 3.5821e-01, PNorm = 58.0852, GNorm = 0.9807, lr_0 = 1.4368e-04
Loss = 3.5395e-01, PNorm = 58.0874, GNorm = 2.0555, lr_0 = 1.4312e-04
Loss = 2.5314e-01, PNorm = 58.0900, GNorm = 0.8029, lr_0 = 1.4256e-04
Loss = 2.9535e-01, PNorm = 58.0930, GNorm = 0.9951, lr_0 = 1.4201e-04
Loss = 4.5679e-01, PNorm = 58.0972, GNorm = 4.0246, lr_0 = 1.4145e-04
Loss = 3.3197e-01, PNorm = 58.1021, GNorm = 1.5444, lr_0 = 1.4090e-04
Loss = 3.7686e-01, PNorm = 58.1055, GNorm = 1.7334, lr_0 = 1.4035e-04
Loss = 2.5909e-01, PNorm = 58.1075, GNorm = 1.8976, lr_0 = 1.3980e-04
Loss = 3.0220e-01, PNorm = 58.1094, GNorm = 0.9588, lr_0 = 1.3926e-04
Loss = 4.1369e-01, PNorm = 58.1119, GNorm = 4.3125, lr_0 = 1.3872e-04
Loss = 3.8207e-01, PNorm = 58.1190, GNorm = 1.2931, lr_0 = 1.3818e-04
Loss = 2.2079e-01, PNorm = 58.1234, GNorm = 1.3795, lr_0 = 1.3764e-04
Loss = 2.7933e-01, PNorm = 58.1280, GNorm = 0.9783, lr_0 = 1.3710e-04
Loss = 3.1549e-01, PNorm = 58.1308, GNorm = 3.6322, lr_0 = 1.3657e-04
Loss = 2.6366e-01, PNorm = 58.1326, GNorm = 0.8940, lr_0 = 1.3603e-04
Loss = 3.4191e-01, PNorm = 58.1357, GNorm = 0.9644, lr_0 = 1.3550e-04
Loss = 2.4826e-01, PNorm = 58.1373, GNorm = 1.2560, lr_0 = 1.3498e-04
Loss = 2.6355e-01, PNorm = 58.1403, GNorm = 1.1746, lr_0 = 1.3445e-04
Loss = 3.0332e-01, PNorm = 58.1420, GNorm = 0.9534, lr_0 = 1.3393e-04
Loss = 3.9326e-01, PNorm = 58.1443, GNorm = 2.1158, lr_0 = 1.3340e-04
Loss = 3.6895e-01, PNorm = 58.1480, GNorm = 3.3201, lr_0 = 1.3288e-04
Validation rmse = 1.071443
Epoch 9
Loss = 4.4552e-01, PNorm = 58.1501, GNorm = 2.4051, lr_0 = 1.3237e-04
Loss = 2.3787e-01, PNorm = 58.1503, GNorm = 1.4539, lr_0 = 1.3185e-04
Loss = 2.5010e-01, PNorm = 58.1528, GNorm = 1.4321, lr_0 = 1.3134e-04
Loss = 2.6327e-01, PNorm = 58.1543, GNorm = 1.8691, lr_0 = 1.3082e-04
Loss = 2.5898e-01, PNorm = 58.1589, GNorm = 0.9874, lr_0 = 1.3031e-04
Loss = 3.7987e-01, PNorm = 58.1638, GNorm = 1.5661, lr_0 = 1.2981e-04
Loss = 2.5627e-01, PNorm = 58.1673, GNorm = 1.1332, lr_0 = 1.2930e-04
Loss = 2.7865e-01, PNorm = 58.1711, GNorm = 0.8113, lr_0 = 1.2880e-04
Loss = 4.3463e-01, PNorm = 58.1741, GNorm = 3.0870, lr_0 = 1.2829e-04
Loss = 2.2016e-01, PNorm = 58.1762, GNorm = 1.2630, lr_0 = 1.2779e-04
Loss = 3.6111e-01, PNorm = 58.1777, GNorm = 1.0963, lr_0 = 1.2730e-04
Loss = 4.1266e-01, PNorm = 58.1806, GNorm = 1.1404, lr_0 = 1.2680e-04
Loss = 3.0538e-01, PNorm = 58.1838, GNorm = 0.7892, lr_0 = 1.2631e-04
Loss = 3.2625e-01, PNorm = 58.1877, GNorm = 1.6636, lr_0 = 1.2581e-04
Loss = 3.0953e-01, PNorm = 58.1908, GNorm = 1.4236, lr_0 = 1.2532e-04
Loss = 2.0265e-01, PNorm = 58.1931, GNorm = 1.2229, lr_0 = 1.2484e-04
Loss = 3.3442e-01, PNorm = 58.1962, GNorm = 3.2922, lr_0 = 1.2435e-04
Loss = 2.7748e-01, PNorm = 58.1990, GNorm = 0.7426, lr_0 = 1.2386e-04
Loss = 2.9796e-01, PNorm = 58.2056, GNorm = 1.8514, lr_0 = 1.2338e-04
Loss = 3.1849e-01, PNorm = 58.2112, GNorm = 1.1893, lr_0 = 1.2290e-04
Loss = 2.4516e-01, PNorm = 58.2154, GNorm = 1.0070, lr_0 = 1.2242e-04
Loss = 3.2702e-01, PNorm = 58.2181, GNorm = 1.3555, lr_0 = 1.2194e-04
Loss = 3.0786e-01, PNorm = 58.2219, GNorm = 0.7179, lr_0 = 1.2147e-04
Loss = 2.2772e-01, PNorm = 58.2233, GNorm = 0.8472, lr_0 = 1.2100e-04
Loss = 2.3447e-01, PNorm = 58.2244, GNorm = 2.4868, lr_0 = 1.2052e-04
Loss = 3.4178e-01, PNorm = 58.2242, GNorm = 1.3514, lr_0 = 1.2005e-04
Loss = 2.8414e-01, PNorm = 58.2271, GNorm = 2.1160, lr_0 = 1.1959e-04
Loss = 2.4172e-01, PNorm = 58.2300, GNorm = 2.1459, lr_0 = 1.1912e-04
Loss = 2.2351e-01, PNorm = 58.2342, GNorm = 0.7049, lr_0 = 1.1866e-04
Loss = 2.6864e-01, PNorm = 58.2365, GNorm = 0.5963, lr_0 = 1.1819e-04
Loss = 3.1228e-01, PNorm = 58.2376, GNorm = 0.6679, lr_0 = 1.1773e-04
Loss = 2.6691e-01, PNorm = 58.2383, GNorm = 1.1886, lr_0 = 1.1727e-04
Loss = 4.3495e-01, PNorm = 58.2407, GNorm = 1.9336, lr_0 = 1.1682e-04
Loss = 3.6527e-01, PNorm = 58.2447, GNorm = 0.8052, lr_0 = 1.1636e-04
Loss = 3.8507e-01, PNorm = 58.2496, GNorm = 3.0945, lr_0 = 1.1591e-04
Loss = 2.5538e-01, PNorm = 58.2539, GNorm = 0.7629, lr_0 = 1.1546e-04
Loss = 3.0685e-01, PNorm = 58.2561, GNorm = 2.9104, lr_0 = 1.1501e-04
Loss = 3.7535e-01, PNorm = 58.2576, GNorm = 0.6554, lr_0 = 1.1456e-04
Loss = 4.1169e-01, PNorm = 58.2608, GNorm = 1.4227, lr_0 = 1.1411e-04
Loss = 2.6322e-01, PNorm = 58.2630, GNorm = 1.0534, lr_0 = 1.1367e-04
Loss = 2.7685e-01, PNorm = 58.2636, GNorm = 2.4527, lr_0 = 1.1322e-04
Loss = 2.4117e-01, PNorm = 58.2672, GNorm = 1.4154, lr_0 = 1.1278e-04
Loss = 2.9979e-01, PNorm = 58.2689, GNorm = 0.6867, lr_0 = 1.1234e-04
Loss = 2.8975e-01, PNorm = 58.2707, GNorm = 0.9418, lr_0 = 1.1190e-04
Loss = 2.4039e-01, PNorm = 58.2738, GNorm = 0.7808, lr_0 = 1.1147e-04
Loss = 3.0519e-01, PNorm = 58.2772, GNorm = 1.4161, lr_0 = 1.1103e-04
Loss = 3.4945e-01, PNorm = 58.2802, GNorm = 1.2203, lr_0 = 1.1060e-04
Loss = 2.7730e-01, PNorm = 58.2842, GNorm = 2.9575, lr_0 = 1.1017e-04
Loss = 4.3089e-01, PNorm = 58.2875, GNorm = 2.6748, lr_0 = 1.0974e-04
Loss = 3.0774e-01, PNorm = 58.2889, GNorm = 1.1587, lr_0 = 1.0931e-04
Loss = 3.0443e-01, PNorm = 58.2910, GNorm = 2.4434, lr_0 = 1.0889e-04
Loss = 3.0595e-01, PNorm = 58.2953, GNorm = 1.2507, lr_0 = 1.0846e-04
Loss = 2.8727e-01, PNorm = 58.2989, GNorm = 1.1508, lr_0 = 1.0804e-04
Loss = 2.9060e-01, PNorm = 58.3033, GNorm = 3.1928, lr_0 = 1.0762e-04
Loss = 3.3450e-01, PNorm = 58.3064, GNorm = 0.9039, lr_0 = 1.0720e-04
Loss = 1.9869e-01, PNorm = 58.3091, GNorm = 1.5879, lr_0 = 1.0678e-04
Loss = 2.1278e-01, PNorm = 58.3125, GNorm = 1.6716, lr_0 = 1.0636e-04
Loss = 3.7271e-01, PNorm = 58.3174, GNorm = 2.0627, lr_0 = 1.0595e-04
Loss = 2.4723e-01, PNorm = 58.3197, GNorm = 1.0632, lr_0 = 1.0554e-04
Loss = 4.1210e-01, PNorm = 58.3215, GNorm = 1.6098, lr_0 = 1.0513e-04
Loss = 3.9158e-01, PNorm = 58.3231, GNorm = 4.1207, lr_0 = 1.0472e-04
Loss = 3.1889e-01, PNorm = 58.3264, GNorm = 2.4993, lr_0 = 1.0431e-04
Loss = 3.1613e-01, PNorm = 58.3287, GNorm = 1.6088, lr_0 = 1.0390e-04
Loss = 1.9912e-01, PNorm = 58.3309, GNorm = 1.1802, lr_0 = 1.0350e-04
Loss = 2.9476e-01, PNorm = 58.3329, GNorm = 2.1426, lr_0 = 1.0309e-04
Loss = 3.1442e-01, PNorm = 58.3350, GNorm = 1.1514, lr_0 = 1.0269e-04
Loss = 3.9547e-01, PNorm = 58.3377, GNorm = 1.5468, lr_0 = 1.0229e-04
Loss = 2.6267e-01, PNorm = 58.3395, GNorm = 1.3269, lr_0 = 1.0189e-04
Loss = 3.0512e-01, PNorm = 58.3414, GNorm = 0.7533, lr_0 = 1.0150e-04
Loss = 3.8301e-01, PNorm = 58.3450, GNorm = 3.6711, lr_0 = 1.0110e-04
Loss = 2.5042e-01, PNorm = 58.3463, GNorm = 2.8786, lr_0 = 1.0071e-04
Loss = 2.7841e-01, PNorm = 58.3480, GNorm = 0.8808, lr_0 = 1.0031e-04
Loss = 2.6754e-01, PNorm = 58.3494, GNorm = 0.7655, lr_0 = 1.0000e-04
Validation rmse = 1.061593
Model 0 best validation rmse = 1.061593 on epoch 9
Loading pretrained parameter "encoder.encoder.cached_zero_vector".
Loading pretrained parameter "encoder.encoder.W_i.weight".
Loading pretrained parameter "encoder.encoder.W_h.weight".
Loading pretrained parameter "encoder.encoder.W_o.weight".
Loading pretrained parameter "encoder.encoder.W_o.bias".
Loading pretrained parameter "encoder.encoder_solvent.cached_zero_vector".
Loading pretrained parameter "encoder.encoder_solvent.W_i.weight".
Loading pretrained parameter "encoder.encoder_solvent.W_h.weight".
Loading pretrained parameter "encoder.encoder_solvent.W_o.weight".
Loading pretrained parameter "encoder.encoder_solvent.W_o.bias".
Loading pretrained parameter "readout.1.weight".
Loading pretrained parameter "readout.1.bias".
Loading pretrained parameter "readout.4.weight".
Loading pretrained parameter "readout.4.bias".
Model 0 test rmse = 1.100779
Ensemble test rmse = 1.100779
1-fold cross validation
	Seed 0 ==> test rmse = 1.100779
Overall test rmse = 1.100779 +/- 0.000000
Elapsed time = 0:34:55
